
Copyright (C) 1994-2020 Synopsys, Inc.
This Synopsys software and all associated documentation are proprietary to Synopsys, Inc.
and may only be used pursuant to the terms and conditions of a written license agreement
with Synopsys, Inc. All other use, reproduction, modification, or distribution of the
Synopsys software or the associated documentation is strictly prohibited.
Tool: Synplify Pro (R)
Build: Q-2020.03M-SP1
Install: C:\Microsemi\Libero_SoC_v12.6\SynplifyPro
OS: Windows 6.1

Hostname: SVMM

Implementation : synthesis
Synopsys HDL compiler and linker, Version comp202003synp2, Build 166R, Built Oct 19 2020 10:50:56, @

Modified Files: 74
FID:  path (prevtimestamp, timestamp)
0        C:\Microsemi\Libero_SoC_v12.6\SynplifyPro\lib\generic\smartfusion2.v (N/A, 2020-11-03 04:58:10)
1        C:\Microsemi\Libero_SoC_v12.6\SynplifyPro\lib\generic\smartfusion2.vhd (N/A, 2020-11-03 04:58:10)
2        C:\Microsemi\Libero_SoC_v12.6\SynplifyPro\lib\vhd2008\arith.vhd (N/A, 2020-11-03 04:58:13)
3        C:\Microsemi\Libero_SoC_v12.6\SynplifyPro\lib\vhd2008\location.map (N/A, 2020-11-03 04:58:13)
4        C:\Microsemi\Libero_SoC_v12.6\SynplifyPro\lib\vhd2008\misc.vhd (N/A, 2020-11-03 04:58:13)
5        C:\Microsemi\Libero_SoC_v12.6\SynplifyPro\lib\vhd2008\numeric.vhd (N/A, 2020-11-03 04:58:13)
6        C:\Microsemi\Libero_SoC_v12.6\SynplifyPro\lib\vhd2008\signed.vhd (N/A, 2020-11-03 04:58:13)
7        C:\Microsemi\Libero_SoC_v12.6\SynplifyPro\lib\vhd2008\std.vhd (N/A, 2020-11-03 04:58:13)
8        C:\Microsemi\Libero_SoC_v12.6\SynplifyPro\lib\vhd2008\std1164.vhd (N/A, 2020-11-03 04:58:13)
9        C:\Microsemi\Libero_SoC_v12.6\SynplifyPro\lib\vhd2008\std_textio.vhd (N/A, 2020-11-03 04:58:13)
10       C:\Microsemi\Libero_SoC_v12.6\SynplifyPro\lib\vhd2008\unsigned.vhd (N/A, 2020-11-03 04:58:13)
11       C:\Microsemi\Libero_SoC_v12.6\SynplifyPro\lib\vhd\hyperents.vhd (N/A, 2020-11-03 04:58:13)
12       C:\Microsemi\Libero_SoC_v12.6\SynplifyPro\lib\vhd\snps_haps_pkg.vhd (N/A, 2020-11-03 04:58:13)
13       C:\Microsemi\Libero_SoC_v12.6\SynplifyPro\lib\vhd\umr_capim.vhd (N/A, 2020-11-03 04:58:13)
14       C:\Microsemi\Libero_SoC_v12.6\SynplifyPro\lib\vlog\hypermods.v (N/A, 2020-11-03 04:58:13)
15       C:\Microsemi\Libero_SoC_v12.6\SynplifyPro\lib\vlog\scemi_objects.v (N/A, 2020-11-03 04:58:13)
16       C:\Microsemi\Libero_SoC_v12.6\SynplifyPro\lib\vlog\scemi_pipes.svh (N/A, 2020-11-03 04:58:13)
17       C:\Microsemi\Libero_SoC_v12.6\SynplifyPro\lib\vlog\umr_capim.v (N/A, 2020-11-03 04:58:13)
18       C:\Users\Sidney&Viviane\Documents\Andre\GitHub\harsh-payload\fpga_soc\component\Actel\DirectCore\COREAHBLTOAXI\2.1.101\rtl\vhdl\core\CoreAHBLtoAXI_AHBAccessControl.vhd (N/A, 2021-09-07 12:25:59)
19       C:\Users\Sidney&Viviane\Documents\Andre\GitHub\harsh-payload\fpga_soc\component\Actel\DirectCore\COREAHBLTOAXI\2.1.101\rtl\vhdl\core\CoreAHBLtoAXI_AXIAccessControl.vhd (N/A, 2021-09-07 12:25:59)
20       C:\Users\Sidney&Viviane\Documents\Andre\GitHub\harsh-payload\fpga_soc\component\Actel\DirectCore\COREAHBLTOAXI\2.1.101\rtl\vhdl\core\CoreAHBLtoAXI_RDCHANNELFIFO.vhd (N/A, 2021-09-07 12:25:59)
21       C:\Users\Sidney&Viviane\Documents\Andre\GitHub\harsh-payload\fpga_soc\component\Actel\DirectCore\COREAHBLTOAXI\2.1.101\rtl\vhdl\core\CoreAHBLtoAXI_WRCHANNELFIFO.vhd (N/A, 2021-09-07 12:25:59)
22       C:\Users\Sidney&Viviane\Documents\Andre\GitHub\harsh-payload\fpga_soc\component\Actel\DirectCore\COREAHBLTOAXI\2.1.101\rtl\vhdl\core\CoreAHBLtoAXI_rdch_ram.vhd (N/A, 2021-09-07 12:25:59)
23       C:\Users\Sidney&Viviane\Documents\Andre\GitHub\harsh-payload\fpga_soc\component\Actel\DirectCore\COREAHBLTOAXI\2.1.101\rtl\vhdl\core\CoreAHBLtoAXI_reset_sync.vhd (N/A, 2021-09-07 12:25:59)
24       C:\Users\Sidney&Viviane\Documents\Andre\GitHub\harsh-payload\fpga_soc\component\Actel\DirectCore\COREAHBLTOAXI\2.1.101\rtl\vhdl\core\CoreAHBLtoAXI_wrch_ram.vhd (N/A, 2021-09-07 12:25:59)
25       C:\Users\Sidney&Viviane\Documents\Andre\GitHub\harsh-payload\fpga_soc\component\Actel\DirectCore\COREAHBLTOAXI\2.1.101\rtl\vhdl\core\Synchronizer_AHBtoAXI.vhd (N/A, 2021-09-07 12:25:59)
26       C:\Users\Sidney&Viviane\Documents\Andre\GitHub\harsh-payload\fpga_soc\component\Actel\DirectCore\COREAHBLTOAXI\2.1.101\rtl\vhdl\core\Synchronizer_AXItoAHB.vhd (N/A, 2021-09-07 12:25:59)
27       C:\Users\Sidney&Viviane\Documents\Andre\GitHub\harsh-payload\fpga_soc\component\Actel\DirectCore\COREAXI\3.2.101\rtl\vlog\core\axi_feedthrough.v (N/A, 2021-09-07 12:25:59)
28       C:\Users\Sidney&Viviane\Documents\Andre\GitHub\harsh-payload\fpga_soc\component\Actel\DirectCore\COREAXI\3.2.101\rtl\vlog\core\axi_interconnect_ntom.v (N/A, 2021-09-07 12:25:59)
29       C:\Users\Sidney&Viviane\Documents\Andre\GitHub\harsh-payload\fpga_soc\component\Actel\DirectCore\COREAXI\3.2.101\rtl\vlog\core\axi_master_stage.v (N/A, 2021-09-07 12:25:59)
30       C:\Users\Sidney&Viviane\Documents\Andre\GitHub\harsh-payload\fpga_soc\component\Actel\DirectCore\COREAXI\3.2.101\rtl\vlog\core\axi_matrix_m.v (N/A, 2021-09-07 12:25:59)
31       C:\Users\Sidney&Viviane\Documents\Andre\GitHub\harsh-payload\fpga_soc\component\Actel\DirectCore\COREAXI\3.2.101\rtl\vlog\core\axi_matrix_s.v (N/A, 2021-09-07 12:25:59)
32       C:\Users\Sidney&Viviane\Documents\Andre\GitHub\harsh-payload\fpga_soc\component\Actel\DirectCore\COREAXI\3.2.101\rtl\vlog\core\axi_ra_arbiter.v (N/A, 2021-09-07 12:25:59)
33       C:\Users\Sidney&Viviane\Documents\Andre\GitHub\harsh-payload\fpga_soc\component\Actel\DirectCore\COREAXI\3.2.101\rtl\vlog\core\axi_ra_channel.v (N/A, 2021-09-07 12:25:59)
34       C:\Users\Sidney&Viviane\Documents\Andre\GitHub\harsh-payload\fpga_soc\component\Actel\DirectCore\COREAXI\3.2.101\rtl\vlog\core\axi_rd_channel.v (N/A, 2021-09-07 12:25:59)
35       C:\Users\Sidney&Viviane\Documents\Andre\GitHub\harsh-payload\fpga_soc\component\Actel\DirectCore\COREAXI\3.2.101\rtl\vlog\core\axi_rdmatrix_16Sto1M.v (N/A, 2021-09-07 12:25:59)
36       C:\Users\Sidney&Viviane\Documents\Andre\GitHub\harsh-payload\fpga_soc\component\Actel\DirectCore\COREAXI\3.2.101\rtl\vlog\core\axi_rdmatrix_4Mto1S.v (N/A, 2021-09-07 12:25:59)
37       C:\Users\Sidney&Viviane\Documents\Andre\GitHub\harsh-payload\fpga_soc\component\Actel\DirectCore\COREAXI\3.2.101\rtl\vlog\core\axi_rdmatrix_4Mto1S_hgs_high.v (N/A, 2021-09-07 12:25:59)
38       C:\Users\Sidney&Viviane\Documents\Andre\GitHub\harsh-payload\fpga_soc\component\Actel\DirectCore\COREAXI\3.2.101\rtl\vlog\core\axi_rdmatrix_4Mto1S_hgs_low.v (N/A, 2021-09-07 12:25:59)
39       C:\Users\Sidney&Viviane\Documents\Andre\GitHub\harsh-payload\fpga_soc\component\Actel\DirectCore\COREAXI\3.2.101\rtl\vlog\core\axi_slave_stage.v (N/A, 2021-09-07 12:25:59)
40       C:\Users\Sidney&Viviane\Documents\Andre\GitHub\harsh-payload\fpga_soc\component\Actel\DirectCore\COREAXI\3.2.101\rtl\vlog\core\axi_wa_arbiter.v (N/A, 2021-09-07 12:25:59)
41       C:\Users\Sidney&Viviane\Documents\Andre\GitHub\harsh-payload\fpga_soc\component\Actel\DirectCore\COREAXI\3.2.101\rtl\vlog\core\axi_wa_channel.v (N/A, 2021-09-07 12:25:59)
42       C:\Users\Sidney&Viviane\Documents\Andre\GitHub\harsh-payload\fpga_soc\component\Actel\DirectCore\COREAXI\3.2.101\rtl\vlog\core\axi_wd_arbiter.v (N/A, 2021-09-07 12:25:59)
43       C:\Users\Sidney&Viviane\Documents\Andre\GitHub\harsh-payload\fpga_soc\component\Actel\DirectCore\COREAXI\3.2.101\rtl\vlog\core\axi_wd_channel.v (N/A, 2021-09-07 12:25:59)
44       C:\Users\Sidney&Viviane\Documents\Andre\GitHub\harsh-payload\fpga_soc\component\Actel\DirectCore\COREAXI\3.2.101\rtl\vlog\core\axi_wresp_channel.v (N/A, 2021-09-07 12:25:59)
45       C:\Users\Sidney&Viviane\Documents\Andre\GitHub\harsh-payload\fpga_soc\component\Actel\DirectCore\COREAXI\3.2.101\rtl\vlog\core\axi_wrmatrix_4Mto1S.v (N/A, 2021-09-07 12:25:59)
46       C:\Users\Sidney&Viviane\Documents\Andre\GitHub\harsh-payload\fpga_soc\component\Actel\DirectCore\COREAXI\3.2.101\rtl\vlog\core\axi_wrmatrix_4Mto1S_hgs_high.v (N/A, 2021-09-07 12:25:59)
47       C:\Users\Sidney&Viviane\Documents\Andre\GitHub\harsh-payload\fpga_soc\component\Actel\DirectCore\COREAXI\3.2.101\rtl\vlog\core\axi_wrmatrix_4Mto1S_hgs_low.v (N/A, 2021-09-07 12:25:59)
48       C:\Users\Sidney&Viviane\Documents\Andre\GitHub\harsh-payload\fpga_soc\component\Actel\DirectCore\CORESDR_AXI\2.0.116\rtl\vhdl\core\coresdr.vhd (N/A, 2021-09-07 12:26:05)
49       C:\Users\Sidney&Viviane\Documents\Andre\GitHub\harsh-payload\fpga_soc\component\Actel\DirectCore\CORESDR_AXI\2.0.116\rtl\vhdl\core\coresdr_axi.vhd (N/A, 2021-09-07 12:26:05)
50       C:\Users\Sidney&Viviane\Documents\Andre\GitHub\harsh-payload\fpga_soc\component\Actel\DirectCore\CORESDR_AXI\2.0.116\rtl\vhdl\core\fastinit.vhd (N/A, 2021-09-07 12:26:05)
51       C:\Users\Sidney&Viviane\Documents\Andre\GitHub\harsh-payload\fpga_soc\component\Actel\DirectCore\CORESDR_AXI\2.0.116\rtl\vhdl\core\fastsdram.vhd (N/A, 2021-09-07 12:26:05)
52       C:\Users\Sidney&Viviane\Documents\Andre\GitHub\harsh-payload\fpga_soc\component\Actel\DirectCore\CORESDR_AXI\2.0.116\rtl\vhdl\core\openbank.vhd (N/A, 2021-09-07 12:26:05)
53       C:\Users\Sidney&Viviane\Documents\Andre\GitHub\harsh-payload\fpga_soc\component\Actel\DirectCore\CoreAHBLite\5.5.101\rtl\vhdl\core\coreahblite_addrdec.vhd (N/A, 2021-09-07 12:25:59)
54       C:\Users\Sidney&Viviane\Documents\Andre\GitHub\harsh-payload\fpga_soc\component\Actel\DirectCore\CoreAHBLite\5.5.101\rtl\vhdl\core\coreahblite_defaultslavesm.vhd (N/A, 2021-09-07 12:25:59)
55       C:\Users\Sidney&Viviane\Documents\Andre\GitHub\harsh-payload\fpga_soc\component\Actel\DirectCore\CoreAHBLite\5.5.101\rtl\vhdl\core\coreahblite_masterstage.vhd (N/A, 2021-09-07 12:25:59)
56       C:\Users\Sidney&Viviane\Documents\Andre\GitHub\harsh-payload\fpga_soc\component\Actel\DirectCore\CoreAHBLite\5.5.101\rtl\vhdl\core\coreahblite_matrix4x16.vhd (N/A, 2021-09-07 12:25:59)
57       C:\Users\Sidney&Viviane\Documents\Andre\GitHub\harsh-payload\fpga_soc\component\Actel\DirectCore\CoreAHBLite\5.5.101\rtl\vhdl\core\coreahblite_pkg.vhd (N/A, 2021-09-07 12:25:59)
58       C:\Users\Sidney&Viviane\Documents\Andre\GitHub\harsh-payload\fpga_soc\component\Actel\DirectCore\CoreAHBLite\5.5.101\rtl\vhdl\core\coreahblite_slavearbiter.vhd (N/A, 2021-09-07 12:25:59)
59       C:\Users\Sidney&Viviane\Documents\Andre\GitHub\harsh-payload\fpga_soc\component\Actel\DirectCore\CoreAHBLite\5.5.101\rtl\vhdl\core\coreahblite_slavestage.vhd (N/A, 2021-09-07 12:25:59)
60       C:\Users\Sidney&Viviane\Documents\Andre\GitHub\harsh-payload\fpga_soc\component\Actel\DirectCore\CoreResetP\7.1.100\rtl\vhdl\core\coreresetp.vhd (N/A, 2021-09-07 12:25:59)
61       C:\Users\Sidney&Viviane\Documents\Andre\GitHub\harsh-payload\fpga_soc\component\Actel\DirectCore\CoreResetP\7.1.100\rtl\vhdl\core\coreresetp_pcie_hotreset.vhd (N/A, 2021-09-07 12:25:59)
62       C:\Users\Sidney&Viviane\Documents\Andre\GitHub\harsh-payload\fpga_soc\component\Actel\SgCore\OSC\2.0.101\osc_comps.vhd (N/A, 2021-09-07 12:26:05)
63       C:\Users\Sidney&Viviane\Documents\Andre\GitHub\harsh-payload\fpga_soc\component\work\top\top.vhd (N/A, 2021-09-07 12:26:19)
64       C:\Users\Sidney&Viviane\Documents\Andre\GitHub\harsh-payload\fpga_soc\component\work\top_sb\CCC_0\top_sb_CCC_0_FCCC.vhd (N/A, 2021-09-07 12:25:58)
65       C:\Users\Sidney&Viviane\Documents\Andre\GitHub\harsh-payload\fpga_soc\component\work\top_sb\COREAHBLTOAXI_0\rtl\vhdl\core\CoreAHBLtoAXI.vhd (N/A, 2021-09-07 12:25:59)
66       C:\Users\Sidney&Viviane\Documents\Andre\GitHub\harsh-payload\fpga_soc\component\work\top_sb\COREAXI_0\rtl\vlog\core\coreaxi.v (N/A, 2021-09-07 12:25:59)
67       C:\Users\Sidney&Viviane\Documents\Andre\GitHub\harsh-payload\fpga_soc\component\work\top_sb\CoreAHBLite_0\rtl\vhdl\core\components.vhd (N/A, 2021-09-07 12:25:59)
68       C:\Users\Sidney&Viviane\Documents\Andre\GitHub\harsh-payload\fpga_soc\component\work\top_sb\CoreAHBLite_0\rtl\vhdl\core\coreahblite.vhd (N/A, 2021-09-07 12:25:59)
69       C:\Users\Sidney&Viviane\Documents\Andre\GitHub\harsh-payload\fpga_soc\component\work\top_sb\FABOSC_0\top_sb_FABOSC_0_OSC.vhd (N/A, 2021-09-07 12:26:05)
70       C:\Users\Sidney&Viviane\Documents\Andre\GitHub\harsh-payload\fpga_soc\component\work\top_sb\OSC_0\top_sb_OSC_0_OSC.vhd (N/A, 2021-09-07 12:26:06)
71       C:\Users\Sidney&Viviane\Documents\Andre\GitHub\harsh-payload\fpga_soc\component\work\top_sb\top_sb.vhd (N/A, 2021-09-07 12:26:07)
72       C:\Users\Sidney&Viviane\Documents\Andre\GitHub\harsh-payload\fpga_soc\component\work\top_sb_MSS\top_sb_MSS.vhd (N/A, 2021-09-07 12:25:39)
73       C:\Users\Sidney&Viviane\Documents\Andre\GitHub\harsh-payload\fpga_soc\component\work\top_sb_MSS\top_sb_MSS_syn.vhd (N/A, 2021-09-07 12:25:38)

*******************************************************************
Modules that may have changed as a result of file changes: 59
MID:  lib.cell.view
0        COREAXI_LIB.axi_RA_ARBITER.verilog may have changed because the following files changed:
                        C:\Users\Sidney&Viviane\Documents\Andre\GitHub\harsh-payload\fpga_soc\component\Actel\DirectCore\COREAXI\3.2.101\rtl\vlog\core\axi_interconnect_ntom.v (N/A, 2021-09-07 12:25:59) <-- (may instantiate this module)
                        C:\Users\Sidney&Viviane\Documents\Andre\GitHub\harsh-payload\fpga_soc\component\Actel\DirectCore\COREAXI\3.2.101\rtl\vlog\core\axi_matrix_s.v (N/A, 2021-09-07 12:25:59) <-- (may instantiate this module)
                        C:\Users\Sidney&Viviane\Documents\Andre\GitHub\harsh-payload\fpga_soc\component\Actel\DirectCore\COREAXI\3.2.101\rtl\vlog\core\axi_ra_arbiter.v (N/A, 2021-09-07 12:25:59) <-- (module definition)
                        C:\Users\Sidney&Viviane\Documents\Andre\GitHub\harsh-payload\fpga_soc\component\Actel\DirectCore\COREAXI\3.2.101\rtl\vlog\core\axi_ra_channel.v (N/A, 2021-09-07 12:25:59) <-- (may instantiate this module)
                        C:\Users\Sidney&Viviane\Documents\Andre\GitHub\harsh-payload\fpga_soc\component\Actel\DirectCore\COREAXI\3.2.101\rtl\vlog\core\axi_rdmatrix_4Mto1S.v (N/A, 2021-09-07 12:25:59) <-- (may instantiate this module)
                        C:\Users\Sidney&Viviane\Documents\Andre\GitHub\harsh-payload\fpga_soc\component\Actel\DirectCore\COREAXI\3.2.101\rtl\vlog\core\axi_rdmatrix_4Mto1S_hgs_high.v (N/A, 2021-09-07 12:25:59) <-- (may instantiate this module)
                        C:\Users\Sidney&Viviane\Documents\Andre\GitHub\harsh-payload\fpga_soc\component\Actel\DirectCore\COREAXI\3.2.101\rtl\vlog\core\axi_rdmatrix_4Mto1S_hgs_low.v (N/A, 2021-09-07 12:25:59) <-- (may instantiate this module)
                        C:\Users\Sidney&Viviane\Documents\Andre\GitHub\harsh-payload\fpga_soc\component\work\top\top.vhd (N/A, 2021-09-07 12:26:19) <-- (may instantiate this module)
                        C:\Users\Sidney&Viviane\Documents\Andre\GitHub\harsh-payload\fpga_soc\component\work\top_sb\COREAXI_0\rtl\vlog\core\coreaxi.v (N/A, 2021-09-07 12:25:59) <-- (may instantiate this module)
                        C:\Users\Sidney&Viviane\Documents\Andre\GitHub\harsh-payload\fpga_soc\component\work\top_sb\top_sb.vhd (N/A, 2021-09-07 12:26:07) <-- (may instantiate this module)
1        COREAXI_LIB.axi_WA_ARBITER.verilog may have changed because the following files changed:
                        C:\Users\Sidney&Viviane\Documents\Andre\GitHub\harsh-payload\fpga_soc\component\Actel\DirectCore\COREAXI\3.2.101\rtl\vlog\core\axi_interconnect_ntom.v (N/A, 2021-09-07 12:25:59) <-- (may instantiate this module)
                        C:\Users\Sidney&Viviane\Documents\Andre\GitHub\harsh-payload\fpga_soc\component\Actel\DirectCore\COREAXI\3.2.101\rtl\vlog\core\axi_matrix_s.v (N/A, 2021-09-07 12:25:59) <-- (may instantiate this module)
                        C:\Users\Sidney&Viviane\Documents\Andre\GitHub\harsh-payload\fpga_soc\component\Actel\DirectCore\COREAXI\3.2.101\rtl\vlog\core\axi_wa_arbiter.v (N/A, 2021-09-07 12:25:59) <-- (module definition)
                        C:\Users\Sidney&Viviane\Documents\Andre\GitHub\harsh-payload\fpga_soc\component\Actel\DirectCore\COREAXI\3.2.101\rtl\vlog\core\axi_wa_channel.v (N/A, 2021-09-07 12:25:59) <-- (may instantiate this module)
                        C:\Users\Sidney&Viviane\Documents\Andre\GitHub\harsh-payload\fpga_soc\component\Actel\DirectCore\COREAXI\3.2.101\rtl\vlog\core\axi_wrmatrix_4Mto1S.v (N/A, 2021-09-07 12:25:59) <-- (may instantiate this module)
                        C:\Users\Sidney&Viviane\Documents\Andre\GitHub\harsh-payload\fpga_soc\component\Actel\DirectCore\COREAXI\3.2.101\rtl\vlog\core\axi_wrmatrix_4Mto1S_hgs_high.v (N/A, 2021-09-07 12:25:59) <-- (may instantiate this module)
                        C:\Users\Sidney&Viviane\Documents\Andre\GitHub\harsh-payload\fpga_soc\component\Actel\DirectCore\COREAXI\3.2.101\rtl\vlog\core\axi_wrmatrix_4Mto1S_hgs_low.v (N/A, 2021-09-07 12:25:59) <-- (may instantiate this module)
                        C:\Users\Sidney&Viviane\Documents\Andre\GitHub\harsh-payload\fpga_soc\component\work\top\top.vhd (N/A, 2021-09-07 12:26:19) <-- (may instantiate this module)
                        C:\Users\Sidney&Viviane\Documents\Andre\GitHub\harsh-payload\fpga_soc\component\work\top_sb\COREAXI_0\rtl\vlog\core\coreaxi.v (N/A, 2021-09-07 12:25:59) <-- (may instantiate this module)
                        C:\Users\Sidney&Viviane\Documents\Andre\GitHub\harsh-payload\fpga_soc\component\work\top_sb\top_sb.vhd (N/A, 2021-09-07 12:26:07) <-- (may instantiate this module)
2        COREAXI_LIB.axi_WD_ARBITER.verilog may have changed because the following files changed:
                        C:\Users\Sidney&Viviane\Documents\Andre\GitHub\harsh-payload\fpga_soc\component\Actel\DirectCore\COREAXI\3.2.101\rtl\vlog\core\axi_interconnect_ntom.v (N/A, 2021-09-07 12:25:59) <-- (may instantiate this module)
                        C:\Users\Sidney&Viviane\Documents\Andre\GitHub\harsh-payload\fpga_soc\component\Actel\DirectCore\COREAXI\3.2.101\rtl\vlog\core\axi_matrix_s.v (N/A, 2021-09-07 12:25:59) <-- (may instantiate this module)
                        C:\Users\Sidney&Viviane\Documents\Andre\GitHub\harsh-payload\fpga_soc\component\Actel\DirectCore\COREAXI\3.2.101\rtl\vlog\core\axi_wd_arbiter.v (N/A, 2021-09-07 12:25:59) <-- (module definition)
                        C:\Users\Sidney&Viviane\Documents\Andre\GitHub\harsh-payload\fpga_soc\component\Actel\DirectCore\COREAXI\3.2.101\rtl\vlog\core\axi_wd_channel.v (N/A, 2021-09-07 12:25:59) <-- (may instantiate this module)
                        C:\Users\Sidney&Viviane\Documents\Andre\GitHub\harsh-payload\fpga_soc\component\work\top\top.vhd (N/A, 2021-09-07 12:26:19) <-- (may instantiate this module)
                        C:\Users\Sidney&Viviane\Documents\Andre\GitHub\harsh-payload\fpga_soc\component\work\top_sb\COREAXI_0\rtl\vlog\core\coreaxi.v (N/A, 2021-09-07 12:25:59) <-- (may instantiate this module)
                        C:\Users\Sidney&Viviane\Documents\Andre\GitHub\harsh-payload\fpga_soc\component\work\top_sb\top_sb.vhd (N/A, 2021-09-07 12:26:07) <-- (may instantiate this module)
3        COREAXI_LIB.axi_feedthrough.verilog may have changed because the following files changed:
                        C:\Users\Sidney&Viviane\Documents\Andre\GitHub\harsh-payload\fpga_soc\component\Actel\DirectCore\COREAXI\3.2.101\rtl\vlog\core\axi_feedthrough.v (N/A, 2021-09-07 12:25:59) <-- (module definition)
                        C:\Users\Sidney&Viviane\Documents\Andre\GitHub\harsh-payload\fpga_soc\component\work\top\top.vhd (N/A, 2021-09-07 12:26:19) <-- (may instantiate this module)
                        C:\Users\Sidney&Viviane\Documents\Andre\GitHub\harsh-payload\fpga_soc\component\work\top_sb\COREAXI_0\rtl\vlog\core\coreaxi.v (N/A, 2021-09-07 12:25:59) <-- (may instantiate this module)
                        C:\Users\Sidney&Viviane\Documents\Andre\GitHub\harsh-payload\fpga_soc\component\work\top_sb\top_sb.vhd (N/A, 2021-09-07 12:26:07) <-- (may instantiate this module)
4        COREAXI_LIB.axi_interconnect_ntom.verilog may have changed because the following files changed:
                        C:\Users\Sidney&Viviane\Documents\Andre\GitHub\harsh-payload\fpga_soc\component\Actel\DirectCore\COREAXI\3.2.101\rtl\vlog\core\axi_interconnect_ntom.v (N/A, 2021-09-07 12:25:59) <-- (module definition)
                        C:\Users\Sidney&Viviane\Documents\Andre\GitHub\harsh-payload\fpga_soc\component\work\top\top.vhd (N/A, 2021-09-07 12:26:19) <-- (may instantiate this module)
                        C:\Users\Sidney&Viviane\Documents\Andre\GitHub\harsh-payload\fpga_soc\component\work\top_sb\COREAXI_0\rtl\vlog\core\coreaxi.v (N/A, 2021-09-07 12:25:59) <-- (may instantiate this module)
                        C:\Users\Sidney&Viviane\Documents\Andre\GitHub\harsh-payload\fpga_soc\component\work\top_sb\top_sb.vhd (N/A, 2021-09-07 12:26:07) <-- (may instantiate this module)
5        COREAXI_LIB.axi_master_stage.verilog may have changed because the following files changed:
                        C:\Users\Sidney&Viviane\Documents\Andre\GitHub\harsh-payload\fpga_soc\component\Actel\DirectCore\COREAXI\3.2.101\rtl\vlog\core\axi_master_stage.v (N/A, 2021-09-07 12:25:59) <-- (module definition)
                        C:\Users\Sidney&Viviane\Documents\Andre\GitHub\harsh-payload\fpga_soc\component\work\top\top.vhd (N/A, 2021-09-07 12:26:19) <-- (may instantiate this module)
                        C:\Users\Sidney&Viviane\Documents\Andre\GitHub\harsh-payload\fpga_soc\component\work\top_sb\COREAXI_0\rtl\vlog\core\coreaxi.v (N/A, 2021-09-07 12:25:59) <-- (may instantiate this module)
                        C:\Users\Sidney&Viviane\Documents\Andre\GitHub\harsh-payload\fpga_soc\component\work\top_sb\top_sb.vhd (N/A, 2021-09-07 12:26:07) <-- (may instantiate this module)
6        COREAXI_LIB.axi_matrix_m.verilog may have changed because the following files changed:
                        C:\Users\Sidney&Viviane\Documents\Andre\GitHub\harsh-payload\fpga_soc\component\Actel\DirectCore\COREAXI\3.2.101\rtl\vlog\core\axi_interconnect_ntom.v (N/A, 2021-09-07 12:25:59) <-- (may instantiate this module)
                        C:\Users\Sidney&Viviane\Documents\Andre\GitHub\harsh-payload\fpga_soc\component\Actel\DirectCore\COREAXI\3.2.101\rtl\vlog\core\axi_matrix_m.v (N/A, 2021-09-07 12:25:59) <-- (module definition)
                        C:\Users\Sidney&Viviane\Documents\Andre\GitHub\harsh-payload\fpga_soc\component\work\top\top.vhd (N/A, 2021-09-07 12:26:19) <-- (may instantiate this module)
                        C:\Users\Sidney&Viviane\Documents\Andre\GitHub\harsh-payload\fpga_soc\component\work\top_sb\COREAXI_0\rtl\vlog\core\coreaxi.v (N/A, 2021-09-07 12:25:59) <-- (may instantiate this module)
                        C:\Users\Sidney&Viviane\Documents\Andre\GitHub\harsh-payload\fpga_soc\component\work\top_sb\top_sb.vhd (N/A, 2021-09-07 12:26:07) <-- (may instantiate this module)
7        COREAXI_LIB.axi_matrix_s.verilog may have changed because the following files changed:
                        C:\Users\Sidney&Viviane\Documents\Andre\GitHub\harsh-payload\fpga_soc\component\Actel\DirectCore\COREAXI\3.2.101\rtl\vlog\core\axi_interconnect_ntom.v (N/A, 2021-09-07 12:25:59) <-- (may instantiate this module)
                        C:\Users\Sidney&Viviane\Documents\Andre\GitHub\harsh-payload\fpga_soc\component\Actel\DirectCore\COREAXI\3.2.101\rtl\vlog\core\axi_matrix_s.v (N/A, 2021-09-07 12:25:59) <-- (module definition)
                        C:\Users\Sidney&Viviane\Documents\Andre\GitHub\harsh-payload\fpga_soc\component\work\top\top.vhd (N/A, 2021-09-07 12:26:19) <-- (may instantiate this module)
                        C:\Users\Sidney&Viviane\Documents\Andre\GitHub\harsh-payload\fpga_soc\component\work\top_sb\COREAXI_0\rtl\vlog\core\coreaxi.v (N/A, 2021-09-07 12:25:59) <-- (may instantiate this module)
                        C:\Users\Sidney&Viviane\Documents\Andre\GitHub\harsh-payload\fpga_soc\component\work\top_sb\top_sb.vhd (N/A, 2021-09-07 12:26:07) <-- (may instantiate this module)
8        COREAXI_LIB.axi_ra_channel.verilog may have changed because the following files changed:
                        C:\Users\Sidney&Viviane\Documents\Andre\GitHub\harsh-payload\fpga_soc\component\Actel\DirectCore\COREAXI\3.2.101\rtl\vlog\core\axi_interconnect_ntom.v (N/A, 2021-09-07 12:25:59) <-- (may instantiate this module)
                        C:\Users\Sidney&Viviane\Documents\Andre\GitHub\harsh-payload\fpga_soc\component\Actel\DirectCore\COREAXI\3.2.101\rtl\vlog\core\axi_matrix_s.v (N/A, 2021-09-07 12:25:59) <-- (may instantiate this module)
                        C:\Users\Sidney&Viviane\Documents\Andre\GitHub\harsh-payload\fpga_soc\component\Actel\DirectCore\COREAXI\3.2.101\rtl\vlog\core\axi_ra_channel.v (N/A, 2021-09-07 12:25:59) <-- (module definition)
                        C:\Users\Sidney&Viviane\Documents\Andre\GitHub\harsh-payload\fpga_soc\component\work\top\top.vhd (N/A, 2021-09-07 12:26:19) <-- (may instantiate this module)
                        C:\Users\Sidney&Viviane\Documents\Andre\GitHub\harsh-payload\fpga_soc\component\work\top_sb\COREAXI_0\rtl\vlog\core\coreaxi.v (N/A, 2021-09-07 12:25:59) <-- (may instantiate this module)
                        C:\Users\Sidney&Viviane\Documents\Andre\GitHub\harsh-payload\fpga_soc\component\work\top_sb\top_sb.vhd (N/A, 2021-09-07 12:26:07) <-- (may instantiate this module)
9        COREAXI_LIB.axi_rd_channel.verilog may have changed because the following files changed:
                        C:\Users\Sidney&Viviane\Documents\Andre\GitHub\harsh-payload\fpga_soc\component\Actel\DirectCore\COREAXI\3.2.101\rtl\vlog\core\axi_interconnect_ntom.v (N/A, 2021-09-07 12:25:59) <-- (may instantiate this module)
                        C:\Users\Sidney&Viviane\Documents\Andre\GitHub\harsh-payload\fpga_soc\component\Actel\DirectCore\COREAXI\3.2.101\rtl\vlog\core\axi_matrix_m.v (N/A, 2021-09-07 12:25:59) <-- (may instantiate this module)
                        C:\Users\Sidney&Viviane\Documents\Andre\GitHub\harsh-payload\fpga_soc\component\Actel\DirectCore\COREAXI\3.2.101\rtl\vlog\core\axi_rd_channel.v (N/A, 2021-09-07 12:25:59) <-- (module definition)
                        C:\Users\Sidney&Viviane\Documents\Andre\GitHub\harsh-payload\fpga_soc\component\work\top\top.vhd (N/A, 2021-09-07 12:26:19) <-- (may instantiate this module)
                        C:\Users\Sidney&Viviane\Documents\Andre\GitHub\harsh-payload\fpga_soc\component\work\top_sb\COREAXI_0\rtl\vlog\core\coreaxi.v (N/A, 2021-09-07 12:25:59) <-- (may instantiate this module)
                        C:\Users\Sidney&Viviane\Documents\Andre\GitHub\harsh-payload\fpga_soc\component\work\top_sb\top_sb.vhd (N/A, 2021-09-07 12:26:07) <-- (may instantiate this module)
10       COREAXI_LIB.axi_rdmatrix_16Sto1M.verilog may have changed because the following files changed:
                        C:\Users\Sidney&Viviane\Documents\Andre\GitHub\harsh-payload\fpga_soc\component\Actel\DirectCore\COREAXI\3.2.101\rtl\vlog\core\axi_interconnect_ntom.v (N/A, 2021-09-07 12:25:59) <-- (may instantiate this module)
                        C:\Users\Sidney&Viviane\Documents\Andre\GitHub\harsh-payload\fpga_soc\component\Actel\DirectCore\COREAXI\3.2.101\rtl\vlog\core\axi_matrix_m.v (N/A, 2021-09-07 12:25:59) <-- (may instantiate this module)
                        C:\Users\Sidney&Viviane\Documents\Andre\GitHub\harsh-payload\fpga_soc\component\Actel\DirectCore\COREAXI\3.2.101\rtl\vlog\core\axi_rd_channel.v (N/A, 2021-09-07 12:25:59) <-- (may instantiate this module)
                        C:\Users\Sidney&Viviane\Documents\Andre\GitHub\harsh-payload\fpga_soc\component\Actel\DirectCore\COREAXI\3.2.101\rtl\vlog\core\axi_rdmatrix_16Sto1M.v (N/A, 2021-09-07 12:25:59) <-- (module definition)
                        C:\Users\Sidney&Viviane\Documents\Andre\GitHub\harsh-payload\fpga_soc\component\work\top\top.vhd (N/A, 2021-09-07 12:26:19) <-- (may instantiate this module)
                        C:\Users\Sidney&Viviane\Documents\Andre\GitHub\harsh-payload\fpga_soc\component\work\top_sb\COREAXI_0\rtl\vlog\core\coreaxi.v (N/A, 2021-09-07 12:25:59) <-- (may instantiate this module)
                        C:\Users\Sidney&Viviane\Documents\Andre\GitHub\harsh-payload\fpga_soc\component\work\top_sb\top_sb.vhd (N/A, 2021-09-07 12:26:07) <-- (may instantiate this module)
11       COREAXI_LIB.axi_rdmatrix_4Mto1S.verilog may have changed because the following files changed:
                        C:\Users\Sidney&Viviane\Documents\Andre\GitHub\harsh-payload\fpga_soc\component\Actel\DirectCore\COREAXI\3.2.101\rtl\vlog\core\axi_interconnect_ntom.v (N/A, 2021-09-07 12:25:59) <-- (may instantiate this module)
                        C:\Users\Sidney&Viviane\Documents\Andre\GitHub\harsh-payload\fpga_soc\component\Actel\DirectCore\COREAXI\3.2.101\rtl\vlog\core\axi_matrix_s.v (N/A, 2021-09-07 12:25:59) <-- (may instantiate this module)
                        C:\Users\Sidney&Viviane\Documents\Andre\GitHub\harsh-payload\fpga_soc\component\Actel\DirectCore\COREAXI\3.2.101\rtl\vlog\core\axi_ra_channel.v (N/A, 2021-09-07 12:25:59) <-- (may instantiate this module)
                        C:\Users\Sidney&Viviane\Documents\Andre\GitHub\harsh-payload\fpga_soc\component\Actel\DirectCore\COREAXI\3.2.101\rtl\vlog\core\axi_rdmatrix_4Mto1S.v (N/A, 2021-09-07 12:25:59) <-- (module definition)
                        C:\Users\Sidney&Viviane\Documents\Andre\GitHub\harsh-payload\fpga_soc\component\work\top\top.vhd (N/A, 2021-09-07 12:26:19) <-- (may instantiate this module)
                        C:\Users\Sidney&Viviane\Documents\Andre\GitHub\harsh-payload\fpga_soc\component\work\top_sb\COREAXI_0\rtl\vlog\core\coreaxi.v (N/A, 2021-09-07 12:25:59) <-- (may instantiate this module)
                        C:\Users\Sidney&Viviane\Documents\Andre\GitHub\harsh-payload\fpga_soc\component\work\top_sb\top_sb.vhd (N/A, 2021-09-07 12:26:07) <-- (may instantiate this module)
12       COREAXI_LIB.axi_rdmatrix_4Mto1S_hgs_high.verilog may have changed because the following files changed:
                        C:\Users\Sidney&Viviane\Documents\Andre\GitHub\harsh-payload\fpga_soc\component\Actel\DirectCore\COREAXI\3.2.101\rtl\vlog\core\axi_interconnect_ntom.v (N/A, 2021-09-07 12:25:59) <-- (may instantiate this module)
                        C:\Users\Sidney&Viviane\Documents\Andre\GitHub\harsh-payload\fpga_soc\component\Actel\DirectCore\COREAXI\3.2.101\rtl\vlog\core\axi_matrix_s.v (N/A, 2021-09-07 12:25:59) <-- (may instantiate this module)
                        C:\Users\Sidney&Viviane\Documents\Andre\GitHub\harsh-payload\fpga_soc\component\Actel\DirectCore\COREAXI\3.2.101\rtl\vlog\core\axi_ra_channel.v (N/A, 2021-09-07 12:25:59) <-- (may instantiate this module)
                        C:\Users\Sidney&Viviane\Documents\Andre\GitHub\harsh-payload\fpga_soc\component\Actel\DirectCore\COREAXI\3.2.101\rtl\vlog\core\axi_rdmatrix_4Mto1S_hgs_high.v (N/A, 2021-09-07 12:25:59) <-- (module definition)
                        C:\Users\Sidney&Viviane\Documents\Andre\GitHub\harsh-payload\fpga_soc\component\work\top\top.vhd (N/A, 2021-09-07 12:26:19) <-- (may instantiate this module)
                        C:\Users\Sidney&Viviane\Documents\Andre\GitHub\harsh-payload\fpga_soc\component\work\top_sb\COREAXI_0\rtl\vlog\core\coreaxi.v (N/A, 2021-09-07 12:25:59) <-- (may instantiate this module)
                        C:\Users\Sidney&Viviane\Documents\Andre\GitHub\harsh-payload\fpga_soc\component\work\top_sb\top_sb.vhd (N/A, 2021-09-07 12:26:07) <-- (may instantiate this module)
13       COREAXI_LIB.axi_rdmatrix_4Mto1S_hgs_low.verilog may have changed because the following files changed:
                        C:\Users\Sidney&Viviane\Documents\Andre\GitHub\harsh-payload\fpga_soc\component\Actel\DirectCore\COREAXI\3.2.101\rtl\vlog\core\axi_interconnect_ntom.v (N/A, 2021-09-07 12:25:59) <-- (may instantiate this module)
                        C:\Users\Sidney&Viviane\Documents\Andre\GitHub\harsh-payload\fpga_soc\component\Actel\DirectCore\COREAXI\3.2.101\rtl\vlog\core\axi_matrix_s.v (N/A, 2021-09-07 12:25:59) <-- (may instantiate this module)
                        C:\Users\Sidney&Viviane\Documents\Andre\GitHub\harsh-payload\fpga_soc\component\Actel\DirectCore\COREAXI\3.2.101\rtl\vlog\core\axi_ra_channel.v (N/A, 2021-09-07 12:25:59) <-- (may instantiate this module)
                        C:\Users\Sidney&Viviane\Documents\Andre\GitHub\harsh-payload\fpga_soc\component\Actel\DirectCore\COREAXI\3.2.101\rtl\vlog\core\axi_rdmatrix_4Mto1S_hgs_low.v (N/A, 2021-09-07 12:25:59) <-- (module definition)
                        C:\Users\Sidney&Viviane\Documents\Andre\GitHub\harsh-payload\fpga_soc\component\work\top\top.vhd (N/A, 2021-09-07 12:26:19) <-- (may instantiate this module)
                        C:\Users\Sidney&Viviane\Documents\Andre\GitHub\harsh-payload\fpga_soc\component\work\top_sb\COREAXI_0\rtl\vlog\core\coreaxi.v (N/A, 2021-09-07 12:25:59) <-- (may instantiate this module)
                        C:\Users\Sidney&Viviane\Documents\Andre\GitHub\harsh-payload\fpga_soc\component\work\top_sb\top_sb.vhd (N/A, 2021-09-07 12:26:07) <-- (may instantiate this module)
14       COREAXI_LIB.axi_slave_stage.verilog may have changed because the following files changed:
                        C:\Users\Sidney&Viviane\Documents\Andre\GitHub\harsh-payload\fpga_soc\component\Actel\DirectCore\COREAXI\3.2.101\rtl\vlog\core\axi_slave_stage.v (N/A, 2021-09-07 12:25:59) <-- (module definition)
                        C:\Users\Sidney&Viviane\Documents\Andre\GitHub\harsh-payload\fpga_soc\component\work\top\top.vhd (N/A, 2021-09-07 12:26:19) <-- (may instantiate this module)
                        C:\Users\Sidney&Viviane\Documents\Andre\GitHub\harsh-payload\fpga_soc\component\work\top_sb\COREAXI_0\rtl\vlog\core\coreaxi.v (N/A, 2021-09-07 12:25:59) <-- (may instantiate this module)
                        C:\Users\Sidney&Viviane\Documents\Andre\GitHub\harsh-payload\fpga_soc\component\work\top_sb\top_sb.vhd (N/A, 2021-09-07 12:26:07) <-- (may instantiate this module)
15       COREAXI_LIB.axi_wa_channel.verilog may have changed because the following files changed:
                        C:\Users\Sidney&Viviane\Documents\Andre\GitHub\harsh-payload\fpga_soc\component\Actel\DirectCore\COREAXI\3.2.101\rtl\vlog\core\axi_interconnect_ntom.v (N/A, 2021-09-07 12:25:59) <-- (may instantiate this module)
                        C:\Users\Sidney&Viviane\Documents\Andre\GitHub\harsh-payload\fpga_soc\component\Actel\DirectCore\COREAXI\3.2.101\rtl\vlog\core\axi_matrix_s.v (N/A, 2021-09-07 12:25:59) <-- (may instantiate this module)
                        C:\Users\Sidney&Viviane\Documents\Andre\GitHub\harsh-payload\fpga_soc\component\Actel\DirectCore\COREAXI\3.2.101\rtl\vlog\core\axi_wa_channel.v (N/A, 2021-09-07 12:25:59) <-- (module definition)
                        C:\Users\Sidney&Viviane\Documents\Andre\GitHub\harsh-payload\fpga_soc\component\work\top\top.vhd (N/A, 2021-09-07 12:26:19) <-- (may instantiate this module)
                        C:\Users\Sidney&Viviane\Documents\Andre\GitHub\harsh-payload\fpga_soc\component\work\top_sb\COREAXI_0\rtl\vlog\core\coreaxi.v (N/A, 2021-09-07 12:25:59) <-- (may instantiate this module)
                        C:\Users\Sidney&Viviane\Documents\Andre\GitHub\harsh-payload\fpga_soc\component\work\top_sb\top_sb.vhd (N/A, 2021-09-07 12:26:07) <-- (may instantiate this module)
16       COREAXI_LIB.axi_wd_channel.verilog may have changed because the following files changed:
                        C:\Users\Sidney&Viviane\Documents\Andre\GitHub\harsh-payload\fpga_soc\component\Actel\DirectCore\COREAXI\3.2.101\rtl\vlog\core\axi_interconnect_ntom.v (N/A, 2021-09-07 12:25:59) <-- (may instantiate this module)
                        C:\Users\Sidney&Viviane\Documents\Andre\GitHub\harsh-payload\fpga_soc\component\Actel\DirectCore\COREAXI\3.2.101\rtl\vlog\core\axi_matrix_s.v (N/A, 2021-09-07 12:25:59) <-- (may instantiate this module)
                        C:\Users\Sidney&Viviane\Documents\Andre\GitHub\harsh-payload\fpga_soc\component\Actel\DirectCore\COREAXI\3.2.101\rtl\vlog\core\axi_wd_channel.v (N/A, 2021-09-07 12:25:59) <-- (module definition)
                        C:\Users\Sidney&Viviane\Documents\Andre\GitHub\harsh-payload\fpga_soc\component\work\top\top.vhd (N/A, 2021-09-07 12:26:19) <-- (may instantiate this module)
                        C:\Users\Sidney&Viviane\Documents\Andre\GitHub\harsh-payload\fpga_soc\component\work\top_sb\COREAXI_0\rtl\vlog\core\coreaxi.v (N/A, 2021-09-07 12:25:59) <-- (may instantiate this module)
                        C:\Users\Sidney&Viviane\Documents\Andre\GitHub\harsh-payload\fpga_soc\component\work\top_sb\top_sb.vhd (N/A, 2021-09-07 12:26:07) <-- (may instantiate this module)
17       COREAXI_LIB.axi_wresp_channel.verilog may have changed because the following files changed:
                        C:\Users\Sidney&Viviane\Documents\Andre\GitHub\harsh-payload\fpga_soc\component\Actel\DirectCore\COREAXI\3.2.101\rtl\vlog\core\axi_interconnect_ntom.v (N/A, 2021-09-07 12:25:59) <-- (may instantiate this module)
                        C:\Users\Sidney&Viviane\Documents\Andre\GitHub\harsh-payload\fpga_soc\component\Actel\DirectCore\COREAXI\3.2.101\rtl\vlog\core\axi_matrix_m.v (N/A, 2021-09-07 12:25:59) <-- (may instantiate this module)
                        C:\Users\Sidney&Viviane\Documents\Andre\GitHub\harsh-payload\fpga_soc\component\Actel\DirectCore\COREAXI\3.2.101\rtl\vlog\core\axi_wresp_channel.v (N/A, 2021-09-07 12:25:59) <-- (module definition)
                        C:\Users\Sidney&Viviane\Documents\Andre\GitHub\harsh-payload\fpga_soc\component\work\top\top.vhd (N/A, 2021-09-07 12:26:19) <-- (may instantiate this module)
                        C:\Users\Sidney&Viviane\Documents\Andre\GitHub\harsh-payload\fpga_soc\component\work\top_sb\COREAXI_0\rtl\vlog\core\coreaxi.v (N/A, 2021-09-07 12:25:59) <-- (may instantiate this module)
                        C:\Users\Sidney&Viviane\Documents\Andre\GitHub\harsh-payload\fpga_soc\component\work\top_sb\top_sb.vhd (N/A, 2021-09-07 12:26:07) <-- (may instantiate this module)
18       COREAXI_LIB.axi_wrmatrix_4Mto1S.verilog may have changed because the following files changed:
                        C:\Users\Sidney&Viviane\Documents\Andre\GitHub\harsh-payload\fpga_soc\component\Actel\DirectCore\COREAXI\3.2.101\rtl\vlog\core\axi_interconnect_ntom.v (N/A, 2021-09-07 12:25:59) <-- (may instantiate this module)
                        C:\Users\Sidney&Viviane\Documents\Andre\GitHub\harsh-payload\fpga_soc\component\Actel\DirectCore\COREAXI\3.2.101\rtl\vlog\core\axi_matrix_s.v (N/A, 2021-09-07 12:25:59) <-- (may instantiate this module)
                        C:\Users\Sidney&Viviane\Documents\Andre\GitHub\harsh-payload\fpga_soc\component\Actel\DirectCore\COREAXI\3.2.101\rtl\vlog\core\axi_wa_channel.v (N/A, 2021-09-07 12:25:59) <-- (may instantiate this module)
                        C:\Users\Sidney&Viviane\Documents\Andre\GitHub\harsh-payload\fpga_soc\component\Actel\DirectCore\COREAXI\3.2.101\rtl\vlog\core\axi_wrmatrix_4Mto1S.v (N/A, 2021-09-07 12:25:59) <-- (module definition)
                        C:\Users\Sidney&Viviane\Documents\Andre\GitHub\harsh-payload\fpga_soc\component\work\top\top.vhd (N/A, 2021-09-07 12:26:19) <-- (may instantiate this module)
                        C:\Users\Sidney&Viviane\Documents\Andre\GitHub\harsh-payload\fpga_soc\component\work\top_sb\COREAXI_0\rtl\vlog\core\coreaxi.v (N/A, 2021-09-07 12:25:59) <-- (may instantiate this module)
                        C:\Users\Sidney&Viviane\Documents\Andre\GitHub\harsh-payload\fpga_soc\component\work\top_sb\top_sb.vhd (N/A, 2021-09-07 12:26:07) <-- (may instantiate this module)
19       COREAXI_LIB.axi_wrmatrix_4Mto1S_hgs_high.verilog may have changed because the following files changed:
                        C:\Users\Sidney&Viviane\Documents\Andre\GitHub\harsh-payload\fpga_soc\component\Actel\DirectCore\COREAXI\3.2.101\rtl\vlog\core\axi_interconnect_ntom.v (N/A, 2021-09-07 12:25:59) <-- (may instantiate this module)
                        C:\Users\Sidney&Viviane\Documents\Andre\GitHub\harsh-payload\fpga_soc\component\Actel\DirectCore\COREAXI\3.2.101\rtl\vlog\core\axi_matrix_s.v (N/A, 2021-09-07 12:25:59) <-- (may instantiate this module)
                        C:\Users\Sidney&Viviane\Documents\Andre\GitHub\harsh-payload\fpga_soc\component\Actel\DirectCore\COREAXI\3.2.101\rtl\vlog\core\axi_wa_channel.v (N/A, 2021-09-07 12:25:59) <-- (may instantiate this module)
                        C:\Users\Sidney&Viviane\Documents\Andre\GitHub\harsh-payload\fpga_soc\component\Actel\DirectCore\COREAXI\3.2.101\rtl\vlog\core\axi_wrmatrix_4Mto1S_hgs_high.v (N/A, 2021-09-07 12:25:59) <-- (module definition)
                        C:\Users\Sidney&Viviane\Documents\Andre\GitHub\harsh-payload\fpga_soc\component\work\top\top.vhd (N/A, 2021-09-07 12:26:19) <-- (may instantiate this module)
                        C:\Users\Sidney&Viviane\Documents\Andre\GitHub\harsh-payload\fpga_soc\component\work\top_sb\COREAXI_0\rtl\vlog\core\coreaxi.v (N/A, 2021-09-07 12:25:59) <-- (may instantiate this module)
                        C:\Users\Sidney&Viviane\Documents\Andre\GitHub\harsh-payload\fpga_soc\component\work\top_sb\top_sb.vhd (N/A, 2021-09-07 12:26:07) <-- (may instantiate this module)
20       COREAXI_LIB.axi_wrmatrix_4Mto1S_hgs_low.verilog may have changed because the following files changed:
                        C:\Users\Sidney&Viviane\Documents\Andre\GitHub\harsh-payload\fpga_soc\component\Actel\DirectCore\COREAXI\3.2.101\rtl\vlog\core\axi_interconnect_ntom.v (N/A, 2021-09-07 12:25:59) <-- (may instantiate this module)
                        C:\Users\Sidney&Viviane\Documents\Andre\GitHub\harsh-payload\fpga_soc\component\Actel\DirectCore\COREAXI\3.2.101\rtl\vlog\core\axi_matrix_s.v (N/A, 2021-09-07 12:25:59) <-- (may instantiate this module)
                        C:\Users\Sidney&Viviane\Documents\Andre\GitHub\harsh-payload\fpga_soc\component\Actel\DirectCore\COREAXI\3.2.101\rtl\vlog\core\axi_wa_channel.v (N/A, 2021-09-07 12:25:59) <-- (may instantiate this module)
                        C:\Users\Sidney&Viviane\Documents\Andre\GitHub\harsh-payload\fpga_soc\component\Actel\DirectCore\COREAXI\3.2.101\rtl\vlog\core\axi_wrmatrix_4Mto1S_hgs_low.v (N/A, 2021-09-07 12:25:59) <-- (module definition)
                        C:\Users\Sidney&Viviane\Documents\Andre\GitHub\harsh-payload\fpga_soc\component\work\top\top.vhd (N/A, 2021-09-07 12:26:19) <-- (may instantiate this module)
                        C:\Users\Sidney&Viviane\Documents\Andre\GitHub\harsh-payload\fpga_soc\component\work\top_sb\COREAXI_0\rtl\vlog\core\coreaxi.v (N/A, 2021-09-07 12:25:59) <-- (may instantiate this module)
                        C:\Users\Sidney&Viviane\Documents\Andre\GitHub\harsh-payload\fpga_soc\component\work\top_sb\top_sb.vhd (N/A, 2021-09-07 12:26:07) <-- (may instantiate this module)
21       COREAXI_LIB.top_sb_COREAXI_0_COREAXI.verilog may have changed because the following files changed:
                        C:\Users\Sidney&Viviane\Documents\Andre\GitHub\harsh-payload\fpga_soc\component\work\top\top.vhd (N/A, 2021-09-07 12:26:19) <-- (may instantiate this module)
                        C:\Users\Sidney&Viviane\Documents\Andre\GitHub\harsh-payload\fpga_soc\component\work\top_sb\COREAXI_0\rtl\vlog\core\coreaxi.v (N/A, 2021-09-07 12:25:59) <-- (module definition)
                        C:\Users\Sidney&Viviane\Documents\Andre\GitHub\harsh-payload\fpga_soc\component\work\top_sb\top_sb.vhd (N/A, 2021-09-07 12:26:07) <-- (may instantiate this module)
22       coreahblite_lib.coreahblite_addrdec.coreahblite_addrdec_arch may have changed because the following files changed:
                        C:\Users\Sidney&Viviane\Documents\Andre\GitHub\harsh-payload\fpga_soc\component\Actel\DirectCore\CoreAHBLite\5.5.101\rtl\vhdl\core\coreahblite_addrdec.vhd (N/A, 2021-09-07 12:25:59) <-- (architecture and entity definition)
                        C:\Users\Sidney&Viviane\Documents\Andre\GitHub\harsh-payload\fpga_soc\component\Actel\DirectCore\CoreAHBLite\5.5.101\rtl\vhdl\core\coreahblite_masterstage.vhd (N/A, 2021-09-07 12:25:59) <-- (may instantiate this module)
                        C:\Users\Sidney&Viviane\Documents\Andre\GitHub\harsh-payload\fpga_soc\component\Actel\DirectCore\CoreAHBLite\5.5.101\rtl\vhdl\core\coreahblite_matrix4x16.vhd (N/A, 2021-09-07 12:25:59) <-- (may instantiate this module)
                        C:\Users\Sidney&Viviane\Documents\Andre\GitHub\harsh-payload\fpga_soc\component\work\top\top.vhd (N/A, 2021-09-07 12:26:19) <-- (may instantiate this module)
                        C:\Users\Sidney&Viviane\Documents\Andre\GitHub\harsh-payload\fpga_soc\component\work\top_sb\CoreAHBLite_0\rtl\vhdl\core\coreahblite.vhd (N/A, 2021-09-07 12:25:59) <-- (may instantiate this module)
                        C:\Users\Sidney&Viviane\Documents\Andre\GitHub\harsh-payload\fpga_soc\component\work\top_sb\top_sb.vhd (N/A, 2021-09-07 12:26:07) <-- (may instantiate this module)
24       coreahblite_lib.coreahblite_defaultslavesm.coreahblite_defaultslavesm_arch may have changed because the following files changed:
                        C:\Users\Sidney&Viviane\Documents\Andre\GitHub\harsh-payload\fpga_soc\component\Actel\DirectCore\CoreAHBLite\5.5.101\rtl\vhdl\core\coreahblite_defaultslavesm.vhd (N/A, 2021-09-07 12:25:59) <-- (architecture and entity definition)
                        C:\Users\Sidney&Viviane\Documents\Andre\GitHub\harsh-payload\fpga_soc\component\Actel\DirectCore\CoreAHBLite\5.5.101\rtl\vhdl\core\coreahblite_masterstage.vhd (N/A, 2021-09-07 12:25:59) <-- (may instantiate this module)
                        C:\Users\Sidney&Viviane\Documents\Andre\GitHub\harsh-payload\fpga_soc\component\Actel\DirectCore\CoreAHBLite\5.5.101\rtl\vhdl\core\coreahblite_matrix4x16.vhd (N/A, 2021-09-07 12:25:59) <-- (may instantiate this module)
                        C:\Users\Sidney&Viviane\Documents\Andre\GitHub\harsh-payload\fpga_soc\component\work\top\top.vhd (N/A, 2021-09-07 12:26:19) <-- (may instantiate this module)
                        C:\Users\Sidney&Viviane\Documents\Andre\GitHub\harsh-payload\fpga_soc\component\work\top_sb\CoreAHBLite_0\rtl\vhdl\core\coreahblite.vhd (N/A, 2021-09-07 12:25:59) <-- (may instantiate this module)
                        C:\Users\Sidney&Viviane\Documents\Andre\GitHub\harsh-payload\fpga_soc\component\work\top_sb\top_sb.vhd (N/A, 2021-09-07 12:26:07) <-- (may instantiate this module)
26       coreahblite_lib.coreahblite_masterstage.coreahblite_masterstage_arch may have changed because the following files changed:
                        C:\Users\Sidney&Viviane\Documents\Andre\GitHub\harsh-payload\fpga_soc\component\Actel\DirectCore\CoreAHBLite\5.5.101\rtl\vhdl\core\coreahblite_masterstage.vhd (N/A, 2021-09-07 12:25:59) <-- (architecture and entity definition)
                        C:\Users\Sidney&Viviane\Documents\Andre\GitHub\harsh-payload\fpga_soc\component\Actel\DirectCore\CoreAHBLite\5.5.101\rtl\vhdl\core\coreahblite_matrix4x16.vhd (N/A, 2021-09-07 12:25:59) <-- (may instantiate this module)
                        C:\Users\Sidney&Viviane\Documents\Andre\GitHub\harsh-payload\fpga_soc\component\work\top\top.vhd (N/A, 2021-09-07 12:26:19) <-- (may instantiate this module)
                        C:\Users\Sidney&Viviane\Documents\Andre\GitHub\harsh-payload\fpga_soc\component\work\top_sb\CoreAHBLite_0\rtl\vhdl\core\coreahblite.vhd (N/A, 2021-09-07 12:25:59) <-- (may instantiate this module)
                        C:\Users\Sidney&Viviane\Documents\Andre\GitHub\harsh-payload\fpga_soc\component\work\top_sb\top_sb.vhd (N/A, 2021-09-07 12:26:07) <-- (may instantiate this module)
28       coreahblite_lib.coreahblite_matrix4x16.coreahblite_matrix4x16_arch may have changed because the following files changed:
                        C:\Users\Sidney&Viviane\Documents\Andre\GitHub\harsh-payload\fpga_soc\component\Actel\DirectCore\CoreAHBLite\5.5.101\rtl\vhdl\core\coreahblite_matrix4x16.vhd (N/A, 2021-09-07 12:25:59) <-- (architecture and entity definition)
                        C:\Users\Sidney&Viviane\Documents\Andre\GitHub\harsh-payload\fpga_soc\component\work\top\top.vhd (N/A, 2021-09-07 12:26:19) <-- (may instantiate this module)
                        C:\Users\Sidney&Viviane\Documents\Andre\GitHub\harsh-payload\fpga_soc\component\work\top_sb\CoreAHBLite_0\rtl\vhdl\core\coreahblite.vhd (N/A, 2021-09-07 12:25:59) <-- (may instantiate this module)
                        C:\Users\Sidney&Viviane\Documents\Andre\GitHub\harsh-payload\fpga_soc\component\work\top_sb\top_sb.vhd (N/A, 2021-09-07 12:26:07) <-- (may instantiate this module)
30       coreahblite_lib.coreahblite_slavearbiter.coreahblite_slavearbiter_arch may have changed because the following files changed:
                        C:\Users\Sidney&Viviane\Documents\Andre\GitHub\harsh-payload\fpga_soc\component\Actel\DirectCore\CoreAHBLite\5.5.101\rtl\vhdl\core\coreahblite_matrix4x16.vhd (N/A, 2021-09-07 12:25:59) <-- (may instantiate this module)
                        C:\Users\Sidney&Viviane\Documents\Andre\GitHub\harsh-payload\fpga_soc\component\Actel\DirectCore\CoreAHBLite\5.5.101\rtl\vhdl\core\coreahblite_slavearbiter.vhd (N/A, 2021-09-07 12:25:59) <-- (architecture and entity definition)
                        C:\Users\Sidney&Viviane\Documents\Andre\GitHub\harsh-payload\fpga_soc\component\Actel\DirectCore\CoreAHBLite\5.5.101\rtl\vhdl\core\coreahblite_slavestage.vhd (N/A, 2021-09-07 12:25:59) <-- (may instantiate this module)
                        C:\Users\Sidney&Viviane\Documents\Andre\GitHub\harsh-payload\fpga_soc\component\work\top\top.vhd (N/A, 2021-09-07 12:26:19) <-- (may instantiate this module)
                        C:\Users\Sidney&Viviane\Documents\Andre\GitHub\harsh-payload\fpga_soc\component\work\top_sb\CoreAHBLite_0\rtl\vhdl\core\coreahblite.vhd (N/A, 2021-09-07 12:25:59) <-- (may instantiate this module)
                        C:\Users\Sidney&Viviane\Documents\Andre\GitHub\harsh-payload\fpga_soc\component\work\top_sb\top_sb.vhd (N/A, 2021-09-07 12:26:07) <-- (may instantiate this module)
32       coreahblite_lib.coreahblite_slavestage.trans may have changed because the following files changed:
                        C:\Users\Sidney&Viviane\Documents\Andre\GitHub\harsh-payload\fpga_soc\component\Actel\DirectCore\CoreAHBLite\5.5.101\rtl\vhdl\core\coreahblite_matrix4x16.vhd (N/A, 2021-09-07 12:25:59) <-- (may instantiate this module)
                        C:\Users\Sidney&Viviane\Documents\Andre\GitHub\harsh-payload\fpga_soc\component\Actel\DirectCore\CoreAHBLite\5.5.101\rtl\vhdl\core\coreahblite_slavestage.vhd (N/A, 2021-09-07 12:25:59) <-- (architecture and entity definition)
                        C:\Users\Sidney&Viviane\Documents\Andre\GitHub\harsh-payload\fpga_soc\component\work\top\top.vhd (N/A, 2021-09-07 12:26:19) <-- (may instantiate this module)
                        C:\Users\Sidney&Viviane\Documents\Andre\GitHub\harsh-payload\fpga_soc\component\work\top_sb\CoreAHBLite_0\rtl\vhdl\core\coreahblite.vhd (N/A, 2021-09-07 12:25:59) <-- (may instantiate this module)
                        C:\Users\Sidney&Viviane\Documents\Andre\GitHub\harsh-payload\fpga_soc\component\work\top_sb\top_sb.vhd (N/A, 2021-09-07 12:26:07) <-- (may instantiate this module)
34       coreahblite_lib.top_sb_coreahblite_0_coreahblite.coreahblite_arch may have changed because the following files changed:
                        C:\Users\Sidney&Viviane\Documents\Andre\GitHub\harsh-payload\fpga_soc\component\work\top\top.vhd (N/A, 2021-09-07 12:26:19) <-- (may instantiate this module)
                        C:\Users\Sidney&Viviane\Documents\Andre\GitHub\harsh-payload\fpga_soc\component\work\top_sb\CoreAHBLite_0\rtl\vhdl\core\coreahblite.vhd (N/A, 2021-09-07 12:25:59) <-- (architecture and entity definition)
                        C:\Users\Sidney&Viviane\Documents\Andre\GitHub\harsh-payload\fpga_soc\component\work\top_sb\top_sb.vhd (N/A, 2021-09-07 12:26:07) <-- (may instantiate this module)
36       coresdr_axi_lib.coresdr.rtl may have changed because the following files changed:
                        C:\Users\Sidney&Viviane\Documents\Andre\GitHub\harsh-payload\fpga_soc\component\Actel\DirectCore\CORESDR_AXI\2.0.116\rtl\vhdl\core\coresdr.vhd (N/A, 2021-09-07 12:26:05) <-- (architecture and entity definition)
                        C:\Users\Sidney&Viviane\Documents\Andre\GitHub\harsh-payload\fpga_soc\component\Actel\DirectCore\CORESDR_AXI\2.0.116\rtl\vhdl\core\coresdr_axi.vhd (N/A, 2021-09-07 12:26:05) <-- (may instantiate this module)
                        C:\Users\Sidney&Viviane\Documents\Andre\GitHub\harsh-payload\fpga_soc\component\work\top\top.vhd (N/A, 2021-09-07 12:26:19) <-- (may instantiate this module)
                        C:\Users\Sidney&Viviane\Documents\Andre\GitHub\harsh-payload\fpga_soc\component\work\top_sb\top_sb.vhd (N/A, 2021-09-07 12:26:07) <-- (may instantiate this module)
38       coresdr_axi_lib.coresdr_axi.trans may have changed because the following files changed:
                        C:\Users\Sidney&Viviane\Documents\Andre\GitHub\harsh-payload\fpga_soc\component\Actel\DirectCore\CORESDR_AXI\2.0.116\rtl\vhdl\core\coresdr_axi.vhd (N/A, 2021-09-07 12:26:05) <-- (architecture and entity definition)
                        C:\Users\Sidney&Viviane\Documents\Andre\GitHub\harsh-payload\fpga_soc\component\work\top\top.vhd (N/A, 2021-09-07 12:26:19) <-- (may instantiate this module)
                        C:\Users\Sidney&Viviane\Documents\Andre\GitHub\harsh-payload\fpga_soc\component\work\top_sb\top_sb.vhd (N/A, 2021-09-07 12:26:07) <-- (may instantiate this module)
40       coresdr_axi_lib.fastinit.rtl may have changed because the following files changed:
                        C:\Users\Sidney&Viviane\Documents\Andre\GitHub\harsh-payload\fpga_soc\component\Actel\DirectCore\CORESDR_AXI\2.0.116\rtl\vhdl\core\coresdr.vhd (N/A, 2021-09-07 12:26:05) <-- (may instantiate this module)
                        C:\Users\Sidney&Viviane\Documents\Andre\GitHub\harsh-payload\fpga_soc\component\Actel\DirectCore\CORESDR_AXI\2.0.116\rtl\vhdl\core\coresdr_axi.vhd (N/A, 2021-09-07 12:26:05) <-- (may instantiate this module)
                        C:\Users\Sidney&Viviane\Documents\Andre\GitHub\harsh-payload\fpga_soc\component\Actel\DirectCore\CORESDR_AXI\2.0.116\rtl\vhdl\core\fastinit.vhd (N/A, 2021-09-07 12:26:05) <-- (architecture and entity definition)
                        C:\Users\Sidney&Viviane\Documents\Andre\GitHub\harsh-payload\fpga_soc\component\work\top\top.vhd (N/A, 2021-09-07 12:26:19) <-- (may instantiate this module)
                        C:\Users\Sidney&Viviane\Documents\Andre\GitHub\harsh-payload\fpga_soc\component\work\top_sb\top_sb.vhd (N/A, 2021-09-07 12:26:07) <-- (may instantiate this module)
42       coresdr_axi_lib.fastsdram.rtl may have changed because the following files changed:
                        C:\Users\Sidney&Viviane\Documents\Andre\GitHub\harsh-payload\fpga_soc\component\Actel\DirectCore\CORESDR_AXI\2.0.116\rtl\vhdl\core\coresdr.vhd (N/A, 2021-09-07 12:26:05) <-- (may instantiate this module)
                        C:\Users\Sidney&Viviane\Documents\Andre\GitHub\harsh-payload\fpga_soc\component\Actel\DirectCore\CORESDR_AXI\2.0.116\rtl\vhdl\core\coresdr_axi.vhd (N/A, 2021-09-07 12:26:05) <-- (may instantiate this module)
                        C:\Users\Sidney&Viviane\Documents\Andre\GitHub\harsh-payload\fpga_soc\component\Actel\DirectCore\CORESDR_AXI\2.0.116\rtl\vhdl\core\fastinit.vhd (N/A, 2021-09-07 12:26:05) <-- (may instantiate this module)
                        C:\Users\Sidney&Viviane\Documents\Andre\GitHub\harsh-payload\fpga_soc\component\Actel\DirectCore\CORESDR_AXI\2.0.116\rtl\vhdl\core\fastsdram.vhd (N/A, 2021-09-07 12:26:05) <-- (architecture and entity definition)
                        C:\Users\Sidney&Viviane\Documents\Andre\GitHub\harsh-payload\fpga_soc\component\work\top\top.vhd (N/A, 2021-09-07 12:26:19) <-- (may instantiate this module)
                        C:\Users\Sidney&Viviane\Documents\Andre\GitHub\harsh-payload\fpga_soc\component\work\top_sb\top_sb.vhd (N/A, 2021-09-07 12:26:07) <-- (may instantiate this module)
44       coresdr_axi_lib.openbank.rtl may have changed because the following files changed:
                        C:\Users\Sidney&Viviane\Documents\Andre\GitHub\harsh-payload\fpga_soc\component\Actel\DirectCore\CORESDR_AXI\2.0.116\rtl\vhdl\core\coresdr.vhd (N/A, 2021-09-07 12:26:05) <-- (may instantiate this module)
                        C:\Users\Sidney&Viviane\Documents\Andre\GitHub\harsh-payload\fpga_soc\component\Actel\DirectCore\CORESDR_AXI\2.0.116\rtl\vhdl\core\coresdr_axi.vhd (N/A, 2021-09-07 12:26:05) <-- (may instantiate this module)
                        C:\Users\Sidney&Viviane\Documents\Andre\GitHub\harsh-payload\fpga_soc\component\Actel\DirectCore\CORESDR_AXI\2.0.116\rtl\vhdl\core\fastinit.vhd (N/A, 2021-09-07 12:26:05) <-- (may instantiate this module)
                        C:\Users\Sidney&Viviane\Documents\Andre\GitHub\harsh-payload\fpga_soc\component\Actel\DirectCore\CORESDR_AXI\2.0.116\rtl\vhdl\core\fastsdram.vhd (N/A, 2021-09-07 12:26:05) <-- (may instantiate this module)
                        C:\Users\Sidney&Viviane\Documents\Andre\GitHub\harsh-payload\fpga_soc\component\Actel\DirectCore\CORESDR_AXI\2.0.116\rtl\vhdl\core\openbank.vhd (N/A, 2021-09-07 12:26:05) <-- (architecture and entity definition)
                        C:\Users\Sidney&Viviane\Documents\Andre\GitHub\harsh-payload\fpga_soc\component\work\top\top.vhd (N/A, 2021-09-07 12:26:19) <-- (may instantiate this module)
                        C:\Users\Sidney&Viviane\Documents\Andre\GitHub\harsh-payload\fpga_soc\component\work\top_sb\top_sb.vhd (N/A, 2021-09-07 12:26:07) <-- (may instantiate this module)
46       work.coreahbltoaxi_ahbaccesscontrolhx.translated may have changed because the following files changed:
                        C:\Users\Sidney&Viviane\Documents\Andre\GitHub\harsh-payload\fpga_soc\component\Actel\DirectCore\COREAHBLTOAXI\2.1.101\rtl\vhdl\core\CoreAHBLtoAXI_AHBAccessControl.vhd (N/A, 2021-09-07 12:25:59) <-- (architecture and entity definition)
                        C:\Users\Sidney&Viviane\Documents\Andre\GitHub\harsh-payload\fpga_soc\component\work\top\top.vhd (N/A, 2021-09-07 12:26:19) <-- (may instantiate this module)
                        C:\Users\Sidney&Viviane\Documents\Andre\GitHub\harsh-payload\fpga_soc\component\work\top_sb\COREAHBLTOAXI_0\rtl\vhdl\core\CoreAHBLtoAXI.vhd (N/A, 2021-09-07 12:25:59) <-- (may instantiate this module)
                        C:\Users\Sidney&Viviane\Documents\Andre\GitHub\harsh-payload\fpga_soc\component\work\top_sb\top_sb.vhd (N/A, 2021-09-07 12:26:07) <-- (may instantiate this module)
48       work.coreahbltoaxi_axiaccesscontrolhx.translated may have changed because the following files changed:
                        C:\Users\Sidney&Viviane\Documents\Andre\GitHub\harsh-payload\fpga_soc\component\Actel\DirectCore\COREAHBLTOAXI\2.1.101\rtl\vhdl\core\CoreAHBLtoAXI_AXIAccessControl.vhd (N/A, 2021-09-07 12:25:59) <-- (architecture and entity definition)
                        C:\Users\Sidney&Viviane\Documents\Andre\GitHub\harsh-payload\fpga_soc\component\work\top\top.vhd (N/A, 2021-09-07 12:26:19) <-- (may instantiate this module)
                        C:\Users\Sidney&Viviane\Documents\Andre\GitHub\harsh-payload\fpga_soc\component\work\top_sb\COREAHBLTOAXI_0\rtl\vhdl\core\CoreAHBLtoAXI.vhd (N/A, 2021-09-07 12:25:59) <-- (may instantiate this module)
                        C:\Users\Sidney&Viviane\Documents\Andre\GitHub\harsh-payload\fpga_soc\component\work\top_sb\top_sb.vhd (N/A, 2021-09-07 12:26:07) <-- (may instantiate this module)
50       work.coreahbltoaxi_rdch_ramhx.translated may have changed because the following files changed:
                        C:\Users\Sidney&Viviane\Documents\Andre\GitHub\harsh-payload\fpga_soc\component\Actel\DirectCore\COREAHBLTOAXI\2.1.101\rtl\vhdl\core\CoreAHBLtoAXI_RDCHANNELFIFO.vhd (N/A, 2021-09-07 12:25:59) <-- (may instantiate this module)
                        C:\Users\Sidney&Viviane\Documents\Andre\GitHub\harsh-payload\fpga_soc\component\Actel\DirectCore\COREAHBLTOAXI\2.1.101\rtl\vhdl\core\CoreAHBLtoAXI_rdch_ram.vhd (N/A, 2021-09-07 12:25:59) <-- (architecture and entity definition)
                        C:\Users\Sidney&Viviane\Documents\Andre\GitHub\harsh-payload\fpga_soc\component\work\top\top.vhd (N/A, 2021-09-07 12:26:19) <-- (may instantiate this module)
                        C:\Users\Sidney&Viviane\Documents\Andre\GitHub\harsh-payload\fpga_soc\component\work\top_sb\COREAHBLTOAXI_0\rtl\vhdl\core\CoreAHBLtoAXI.vhd (N/A, 2021-09-07 12:25:59) <-- (may instantiate this module)
                        C:\Users\Sidney&Viviane\Documents\Andre\GitHub\harsh-payload\fpga_soc\component\work\top_sb\top_sb.vhd (N/A, 2021-09-07 12:26:07) <-- (may instantiate this module)
52       work.coreahbltoaxi_rdchannelfifohx.translated may have changed because the following files changed:
                        C:\Users\Sidney&Viviane\Documents\Andre\GitHub\harsh-payload\fpga_soc\component\Actel\DirectCore\COREAHBLTOAXI\2.1.101\rtl\vhdl\core\CoreAHBLtoAXI_RDCHANNELFIFO.vhd (N/A, 2021-09-07 12:25:59) <-- (architecture and entity definition)
                        C:\Users\Sidney&Viviane\Documents\Andre\GitHub\harsh-payload\fpga_soc\component\work\top\top.vhd (N/A, 2021-09-07 12:26:19) <-- (may instantiate this module)
                        C:\Users\Sidney&Viviane\Documents\Andre\GitHub\harsh-payload\fpga_soc\component\work\top_sb\COREAHBLTOAXI_0\rtl\vhdl\core\CoreAHBLtoAXI.vhd (N/A, 2021-09-07 12:25:59) <-- (may instantiate this module)
                        C:\Users\Sidney&Viviane\Documents\Andre\GitHub\harsh-payload\fpga_soc\component\work\top_sb\top_sb.vhd (N/A, 2021-09-07 12:26:07) <-- (may instantiate this module)
54       work.coreahbltoaxi_reset_synchx.translated may have changed because the following files changed:
                        C:\Users\Sidney&Viviane\Documents\Andre\GitHub\harsh-payload\fpga_soc\component\Actel\DirectCore\COREAHBLTOAXI\2.1.101\rtl\vhdl\core\CoreAHBLtoAXI_reset_sync.vhd (N/A, 2021-09-07 12:25:59) <-- (architecture and entity definition)
                        C:\Users\Sidney&Viviane\Documents\Andre\GitHub\harsh-payload\fpga_soc\component\work\top\top.vhd (N/A, 2021-09-07 12:26:19) <-- (may instantiate this module)
                        C:\Users\Sidney&Viviane\Documents\Andre\GitHub\harsh-payload\fpga_soc\component\work\top_sb\COREAHBLTOAXI_0\rtl\vhdl\core\CoreAHBLtoAXI.vhd (N/A, 2021-09-07 12:25:59) <-- (may instantiate this module)
                        C:\Users\Sidney&Viviane\Documents\Andre\GitHub\harsh-payload\fpga_soc\component\work\top_sb\top_sb.vhd (N/A, 2021-09-07 12:26:07) <-- (may instantiate this module)
56       work.coreahbltoaxi_wrch_ramhx.translated may have changed because the following files changed:
                        C:\Users\Sidney&Viviane\Documents\Andre\GitHub\harsh-payload\fpga_soc\component\Actel\DirectCore\COREAHBLTOAXI\2.1.101\rtl\vhdl\core\CoreAHBLtoAXI_WRCHANNELFIFO.vhd (N/A, 2021-09-07 12:25:59) <-- (may instantiate this module)
                        C:\Users\Sidney&Viviane\Documents\Andre\GitHub\harsh-payload\fpga_soc\component\Actel\DirectCore\COREAHBLTOAXI\2.1.101\rtl\vhdl\core\CoreAHBLtoAXI_wrch_ram.vhd (N/A, 2021-09-07 12:25:59) <-- (architecture and entity definition)
                        C:\Users\Sidney&Viviane\Documents\Andre\GitHub\harsh-payload\fpga_soc\component\work\top\top.vhd (N/A, 2021-09-07 12:26:19) <-- (may instantiate this module)
                        C:\Users\Sidney&Viviane\Documents\Andre\GitHub\harsh-payload\fpga_soc\component\work\top_sb\COREAHBLTOAXI_0\rtl\vhdl\core\CoreAHBLtoAXI.vhd (N/A, 2021-09-07 12:25:59) <-- (may instantiate this module)
                        C:\Users\Sidney&Viviane\Documents\Andre\GitHub\harsh-payload\fpga_soc\component\work\top_sb\top_sb.vhd (N/A, 2021-09-07 12:26:07) <-- (may instantiate this module)
58       work.coreahbltoaxi_wrchannelfifohx.translated may have changed because the following files changed:
                        C:\Users\Sidney&Viviane\Documents\Andre\GitHub\harsh-payload\fpga_soc\component\Actel\DirectCore\COREAHBLTOAXI\2.1.101\rtl\vhdl\core\CoreAHBLtoAXI_WRCHANNELFIFO.vhd (N/A, 2021-09-07 12:25:59) <-- (architecture and entity definition)
                        C:\Users\Sidney&Viviane\Documents\Andre\GitHub\harsh-payload\fpga_soc\component\work\top\top.vhd (N/A, 2021-09-07 12:26:19) <-- (may instantiate this module)
                        C:\Users\Sidney&Viviane\Documents\Andre\GitHub\harsh-payload\fpga_soc\component\work\top_sb\COREAHBLTOAXI_0\rtl\vhdl\core\CoreAHBLtoAXI.vhd (N/A, 2021-09-07 12:25:59) <-- (may instantiate this module)
                        C:\Users\Sidney&Viviane\Documents\Andre\GitHub\harsh-payload\fpga_soc\component\work\top_sb\top_sb.vhd (N/A, 2021-09-07 12:26:07) <-- (may instantiate this module)
60       work.coreresetp.rtl may have changed because the following files changed:
                        C:\Users\Sidney&Viviane\Documents\Andre\GitHub\harsh-payload\fpga_soc\component\Actel\DirectCore\CoreResetP\7.1.100\rtl\vhdl\core\coreresetp.vhd (N/A, 2021-09-07 12:25:59) <-- (architecture and entity definition)
                        C:\Users\Sidney&Viviane\Documents\Andre\GitHub\harsh-payload\fpga_soc\component\work\top\top.vhd (N/A, 2021-09-07 12:26:19) <-- (may instantiate this module)
                        C:\Users\Sidney&Viviane\Documents\Andre\GitHub\harsh-payload\fpga_soc\component\work\top_sb\top_sb.vhd (N/A, 2021-09-07 12:26:07) <-- (may instantiate this module)
62       work.coreresetp_pcie_hotreset.rtl may have changed because the following files changed:
                        C:\Users\Sidney&Viviane\Documents\Andre\GitHub\harsh-payload\fpga_soc\component\Actel\DirectCore\CoreResetP\7.1.100\rtl\vhdl\core\coreresetp.vhd (N/A, 2021-09-07 12:25:59) <-- (may instantiate this module)
                        C:\Users\Sidney&Viviane\Documents\Andre\GitHub\harsh-payload\fpga_soc\component\Actel\DirectCore\CoreResetP\7.1.100\rtl\vhdl\core\coreresetp_pcie_hotreset.vhd (N/A, 2021-09-07 12:25:59) <-- (architecture and entity definition)
                        C:\Users\Sidney&Viviane\Documents\Andre\GitHub\harsh-payload\fpga_soc\component\work\top\top.vhd (N/A, 2021-09-07 12:26:19) <-- (may instantiate this module)
                        C:\Users\Sidney&Viviane\Documents\Andre\GitHub\harsh-payload\fpga_soc\component\work\top_sb\top_sb.vhd (N/A, 2021-09-07 12:26:07) <-- (may instantiate this module)
64       work.mss_025.def_arch may have changed because the following files changed:
                        C:\Users\Sidney&Viviane\Documents\Andre\GitHub\harsh-payload\fpga_soc\component\work\top\top.vhd (N/A, 2021-09-07 12:26:19) <-- (may instantiate this module)
                        C:\Users\Sidney&Viviane\Documents\Andre\GitHub\harsh-payload\fpga_soc\component\work\top_sb\top_sb.vhd (N/A, 2021-09-07 12:26:07) <-- (may instantiate this module)
                        C:\Users\Sidney&Viviane\Documents\Andre\GitHub\harsh-payload\fpga_soc\component\work\top_sb_MSS\top_sb_MSS.vhd (N/A, 2021-09-07 12:25:39) <-- (may instantiate this module)
                        C:\Users\Sidney&Viviane\Documents\Andre\GitHub\harsh-payload\fpga_soc\component\work\top_sb_MSS\top_sb_MSS_syn.vhd (N/A, 2021-09-07 12:25:38) <-- (architecture and entity definition)
66       work.rcosc_1mhz.def_arch may have changed because the following files changed:
                        C:\Users\Sidney&Viviane\Documents\Andre\GitHub\harsh-payload\fpga_soc\component\Actel\SgCore\OSC\2.0.101\osc_comps.vhd (N/A, 2021-09-07 12:26:05) <-- (architecture and entity definition)
                        C:\Users\Sidney&Viviane\Documents\Andre\GitHub\harsh-payload\fpga_soc\component\work\top\top.vhd (N/A, 2021-09-07 12:26:19) <-- (may instantiate this module)
                        C:\Users\Sidney&Viviane\Documents\Andre\GitHub\harsh-payload\fpga_soc\component\work\top_sb\FABOSC_0\top_sb_FABOSC_0_OSC.vhd (N/A, 2021-09-07 12:26:05) <-- (may instantiate this module)
                        C:\Users\Sidney&Viviane\Documents\Andre\GitHub\harsh-payload\fpga_soc\component\work\top_sb\OSC_0\top_sb_OSC_0_OSC.vhd (N/A, 2021-09-07 12:26:06) <-- (may instantiate this module)
                        C:\Users\Sidney&Viviane\Documents\Andre\GitHub\harsh-payload\fpga_soc\component\work\top_sb\top_sb.vhd (N/A, 2021-09-07 12:26:07) <-- (may instantiate this module)
68       work.rcosc_1mhz_fab.def_arch may have changed because the following files changed:
                        C:\Users\Sidney&Viviane\Documents\Andre\GitHub\harsh-payload\fpga_soc\component\Actel\SgCore\OSC\2.0.101\osc_comps.vhd (N/A, 2021-09-07 12:26:05) <-- (architecture and entity definition)
                        C:\Users\Sidney&Viviane\Documents\Andre\GitHub\harsh-payload\fpga_soc\component\work\top\top.vhd (N/A, 2021-09-07 12:26:19) <-- (may instantiate this module)
                        C:\Users\Sidney&Viviane\Documents\Andre\GitHub\harsh-payload\fpga_soc\component\work\top_sb\FABOSC_0\top_sb_FABOSC_0_OSC.vhd (N/A, 2021-09-07 12:26:05) <-- (may instantiate this module)
                        C:\Users\Sidney&Viviane\Documents\Andre\GitHub\harsh-payload\fpga_soc\component\work\top_sb\OSC_0\top_sb_OSC_0_OSC.vhd (N/A, 2021-09-07 12:26:06) <-- (may instantiate this module)
                        C:\Users\Sidney&Viviane\Documents\Andre\GitHub\harsh-payload\fpga_soc\component\work\top_sb\top_sb.vhd (N/A, 2021-09-07 12:26:07) <-- (may instantiate this module)
70       work.rcosc_25_50mhz.def_arch may have changed because the following files changed:
                        C:\Users\Sidney&Viviane\Documents\Andre\GitHub\harsh-payload\fpga_soc\component\Actel\SgCore\OSC\2.0.101\osc_comps.vhd (N/A, 2021-09-07 12:26:05) <-- (architecture and entity definition)
                        C:\Users\Sidney&Viviane\Documents\Andre\GitHub\harsh-payload\fpga_soc\component\work\top\top.vhd (N/A, 2021-09-07 12:26:19) <-- (may instantiate this module)
                        C:\Users\Sidney&Viviane\Documents\Andre\GitHub\harsh-payload\fpga_soc\component\work\top_sb\FABOSC_0\top_sb_FABOSC_0_OSC.vhd (N/A, 2021-09-07 12:26:05) <-- (may instantiate this module)
                        C:\Users\Sidney&Viviane\Documents\Andre\GitHub\harsh-payload\fpga_soc\component\work\top_sb\OSC_0\top_sb_OSC_0_OSC.vhd (N/A, 2021-09-07 12:26:06) <-- (may instantiate this module)
                        C:\Users\Sidney&Viviane\Documents\Andre\GitHub\harsh-payload\fpga_soc\component\work\top_sb\top_sb.vhd (N/A, 2021-09-07 12:26:07) <-- (may instantiate this module)
72       work.rcosc_25_50mhz_fab.def_arch may have changed because the following files changed:
                        C:\Users\Sidney&Viviane\Documents\Andre\GitHub\harsh-payload\fpga_soc\component\Actel\SgCore\OSC\2.0.101\osc_comps.vhd (N/A, 2021-09-07 12:26:05) <-- (architecture and entity definition)
                        C:\Users\Sidney&Viviane\Documents\Andre\GitHub\harsh-payload\fpga_soc\component\work\top\top.vhd (N/A, 2021-09-07 12:26:19) <-- (may instantiate this module)
                        C:\Users\Sidney&Viviane\Documents\Andre\GitHub\harsh-payload\fpga_soc\component\work\top_sb\FABOSC_0\top_sb_FABOSC_0_OSC.vhd (N/A, 2021-09-07 12:26:05) <-- (may instantiate this module)
                        C:\Users\Sidney&Viviane\Documents\Andre\GitHub\harsh-payload\fpga_soc\component\work\top_sb\OSC_0\top_sb_OSC_0_OSC.vhd (N/A, 2021-09-07 12:26:06) <-- (may instantiate this module)
                        C:\Users\Sidney&Viviane\Documents\Andre\GitHub\harsh-payload\fpga_soc\component\work\top_sb\top_sb.vhd (N/A, 2021-09-07 12:26:07) <-- (may instantiate this module)
74       work.synchronizer_ahbtoaxihx.translated may have changed because the following files changed:
                        C:\Users\Sidney&Viviane\Documents\Andre\GitHub\harsh-payload\fpga_soc\component\Actel\DirectCore\COREAHBLTOAXI\2.1.101\rtl\vhdl\core\Synchronizer_AHBtoAXI.vhd (N/A, 2021-09-07 12:25:59) <-- (architecture and entity definition)
                        C:\Users\Sidney&Viviane\Documents\Andre\GitHub\harsh-payload\fpga_soc\component\work\top\top.vhd (N/A, 2021-09-07 12:26:19) <-- (may instantiate this module)
                        C:\Users\Sidney&Viviane\Documents\Andre\GitHub\harsh-payload\fpga_soc\component\work\top_sb\COREAHBLTOAXI_0\rtl\vhdl\core\CoreAHBLtoAXI.vhd (N/A, 2021-09-07 12:25:59) <-- (may instantiate this module)
                        C:\Users\Sidney&Viviane\Documents\Andre\GitHub\harsh-payload\fpga_soc\component\work\top_sb\top_sb.vhd (N/A, 2021-09-07 12:26:07) <-- (may instantiate this module)
76       work.synchronizer_axitoahbhx.translated may have changed because the following files changed:
                        C:\Users\Sidney&Viviane\Documents\Andre\GitHub\harsh-payload\fpga_soc\component\Actel\DirectCore\COREAHBLTOAXI\2.1.101\rtl\vhdl\core\Synchronizer_AXItoAHB.vhd (N/A, 2021-09-07 12:25:59) <-- (architecture and entity definition)
                        C:\Users\Sidney&Viviane\Documents\Andre\GitHub\harsh-payload\fpga_soc\component\work\top\top.vhd (N/A, 2021-09-07 12:26:19) <-- (may instantiate this module)
                        C:\Users\Sidney&Viviane\Documents\Andre\GitHub\harsh-payload\fpga_soc\component\work\top_sb\COREAHBLTOAXI_0\rtl\vhdl\core\CoreAHBLtoAXI.vhd (N/A, 2021-09-07 12:25:59) <-- (may instantiate this module)
                        C:\Users\Sidney&Viviane\Documents\Andre\GitHub\harsh-payload\fpga_soc\component\work\top_sb\top_sb.vhd (N/A, 2021-09-07 12:26:07) <-- (may instantiate this module)
78       work.top.rtl may have changed because the following files changed:
                        C:\Users\Sidney&Viviane\Documents\Andre\GitHub\harsh-payload\fpga_soc\component\work\top\top.vhd (N/A, 2021-09-07 12:26:19) <-- (architecture and entity definition)
80       work.top_sb.rtl may have changed because the following files changed:
                        C:\Users\Sidney&Viviane\Documents\Andre\GitHub\harsh-payload\fpga_soc\component\work\top\top.vhd (N/A, 2021-09-07 12:26:19) <-- (may instantiate this module)
                        C:\Users\Sidney&Viviane\Documents\Andre\GitHub\harsh-payload\fpga_soc\component\work\top_sb\top_sb.vhd (N/A, 2021-09-07 12:26:07) <-- (architecture and entity definition)
82       work.top_sb_ccc_0_fccc.def_arch may have changed because the following files changed:
                        C:\Users\Sidney&Viviane\Documents\Andre\GitHub\harsh-payload\fpga_soc\component\work\top\top.vhd (N/A, 2021-09-07 12:26:19) <-- (may instantiate this module)
                        C:\Users\Sidney&Viviane\Documents\Andre\GitHub\harsh-payload\fpga_soc\component\work\top_sb\CCC_0\top_sb_CCC_0_FCCC.vhd (N/A, 2021-09-07 12:25:58) <-- (architecture and entity definition)
                        C:\Users\Sidney&Viviane\Documents\Andre\GitHub\harsh-payload\fpga_soc\component\work\top_sb\top_sb.vhd (N/A, 2021-09-07 12:26:07) <-- (may instantiate this module)
84       work.top_sb_coreahbltoaxi_0_coreahbltoaxi.translated may have changed because the following files changed:
                        C:\Users\Sidney&Viviane\Documents\Andre\GitHub\harsh-payload\fpga_soc\component\work\top\top.vhd (N/A, 2021-09-07 12:26:19) <-- (may instantiate this module)
                        C:\Users\Sidney&Viviane\Documents\Andre\GitHub\harsh-payload\fpga_soc\component\work\top_sb\COREAHBLTOAXI_0\rtl\vhdl\core\CoreAHBLtoAXI.vhd (N/A, 2021-09-07 12:25:59) <-- (architecture and entity definition)
                        C:\Users\Sidney&Viviane\Documents\Andre\GitHub\harsh-payload\fpga_soc\component\work\top_sb\top_sb.vhd (N/A, 2021-09-07 12:26:07) <-- (may instantiate this module)
86       work.top_sb_fabosc_0_osc.def_arch may have changed because the following files changed:
                        C:\Users\Sidney&Viviane\Documents\Andre\GitHub\harsh-payload\fpga_soc\component\work\top\top.vhd (N/A, 2021-09-07 12:26:19) <-- (may instantiate this module)
                        C:\Users\Sidney&Viviane\Documents\Andre\GitHub\harsh-payload\fpga_soc\component\work\top_sb\FABOSC_0\top_sb_FABOSC_0_OSC.vhd (N/A, 2021-09-07 12:26:05) <-- (architecture and entity definition)
                        C:\Users\Sidney&Viviane\Documents\Andre\GitHub\harsh-payload\fpga_soc\component\work\top_sb\top_sb.vhd (N/A, 2021-09-07 12:26:07) <-- (may instantiate this module)
88       work.top_sb_mss.rtl may have changed because the following files changed:
                        C:\Users\Sidney&Viviane\Documents\Andre\GitHub\harsh-payload\fpga_soc\component\work\top\top.vhd (N/A, 2021-09-07 12:26:19) <-- (may instantiate this module)
                        C:\Users\Sidney&Viviane\Documents\Andre\GitHub\harsh-payload\fpga_soc\component\work\top_sb\top_sb.vhd (N/A, 2021-09-07 12:26:07) <-- (may instantiate this module)
                        C:\Users\Sidney&Viviane\Documents\Andre\GitHub\harsh-payload\fpga_soc\component\work\top_sb_MSS\top_sb_MSS.vhd (N/A, 2021-09-07 12:25:39) <-- (architecture and entity definition)
90       work.top_sb_osc_0_osc.def_arch may have changed because the following files changed:
                        C:\Users\Sidney&Viviane\Documents\Andre\GitHub\harsh-payload\fpga_soc\component\work\top\top.vhd (N/A, 2021-09-07 12:26:19) <-- (may instantiate this module)
                        C:\Users\Sidney&Viviane\Documents\Andre\GitHub\harsh-payload\fpga_soc\component\work\top_sb\OSC_0\top_sb_OSC_0_OSC.vhd (N/A, 2021-09-07 12:26:06) <-- (architecture and entity definition)
                        C:\Users\Sidney&Viviane\Documents\Andre\GitHub\harsh-payload\fpga_soc\component\work\top_sb\top_sb.vhd (N/A, 2021-09-07 12:26:07) <-- (may instantiate this module)
92       work.xtlosc.def_arch may have changed because the following files changed:
                        C:\Users\Sidney&Viviane\Documents\Andre\GitHub\harsh-payload\fpga_soc\component\Actel\SgCore\OSC\2.0.101\osc_comps.vhd (N/A, 2021-09-07 12:26:05) <-- (architecture and entity definition)
                        C:\Users\Sidney&Viviane\Documents\Andre\GitHub\harsh-payload\fpga_soc\component\work\top\top.vhd (N/A, 2021-09-07 12:26:19) <-- (may instantiate this module)
                        C:\Users\Sidney&Viviane\Documents\Andre\GitHub\harsh-payload\fpga_soc\component\work\top_sb\FABOSC_0\top_sb_FABOSC_0_OSC.vhd (N/A, 2021-09-07 12:26:05) <-- (may instantiate this module)
                        C:\Users\Sidney&Viviane\Documents\Andre\GitHub\harsh-payload\fpga_soc\component\work\top_sb\OSC_0\top_sb_OSC_0_OSC.vhd (N/A, 2021-09-07 12:26:06) <-- (may instantiate this module)
                        C:\Users\Sidney&Viviane\Documents\Andre\GitHub\harsh-payload\fpga_soc\component\work\top_sb\top_sb.vhd (N/A, 2021-09-07 12:26:07) <-- (may instantiate this module)
94       work.xtlosc_fab.def_arch may have changed because the following files changed:
                        C:\Users\Sidney&Viviane\Documents\Andre\GitHub\harsh-payload\fpga_soc\component\Actel\SgCore\OSC\2.0.101\osc_comps.vhd (N/A, 2021-09-07 12:26:05) <-- (architecture and entity definition)
                        C:\Users\Sidney&Viviane\Documents\Andre\GitHub\harsh-payload\fpga_soc\component\work\top\top.vhd (N/A, 2021-09-07 12:26:19) <-- (may instantiate this module)
                        C:\Users\Sidney&Viviane\Documents\Andre\GitHub\harsh-payload\fpga_soc\component\work\top_sb\FABOSC_0\top_sb_FABOSC_0_OSC.vhd (N/A, 2021-09-07 12:26:05) <-- (may instantiate this module)
                        C:\Users\Sidney&Viviane\Documents\Andre\GitHub\harsh-payload\fpga_soc\component\work\top_sb\OSC_0\top_sb_OSC_0_OSC.vhd (N/A, 2021-09-07 12:26:06) <-- (may instantiate this module)
                        C:\Users\Sidney&Viviane\Documents\Andre\GitHub\harsh-payload\fpga_soc\component\work\top_sb\top_sb.vhd (N/A, 2021-09-07 12:26:07) <-- (may instantiate this module)

*******************************************************************
Unmodified files: 0
FID:  path (timestamp)

*******************************************************************
Unchanged modules: 0
MID:  lib.cell.view
