Resource Report
Microsemi Corporation - Microsemi Libero Software Release v12.6 (Version 12.900.20.24)
Date: Tue Sep  7 12:45:38 2021

Device Selection
+--------------------------------+----------------+
| Family                         | SmartFusion2   |
| Device                         | M2S025         |
| Package                        | 400 VF         |
| Speed Grade                    | STD            |
| Temp                           | -40:25:100     |
| Voltage                        | 1.26:1.20:1.14 |
| Core Voltage                   | 1.2V           |
| Ramp Rate                      | 100ms Minimum  |
| System Controller Suspend Mode | No             |
| PLL Supply Voltage             | 2.5V           |
| Default I/O technology         | LVCMOS 3.3V    |
| Restrict Probe Pins            | Yes            |
| Restrict SPI Pins              | No             |
+--------------------------------+----------------+

Source Files
+---------+-----------------------------------------------------------------------------------------+
| Topcell | top                                                                                     |
| Format  | EDIF                                                                                    |
| Source  | C:\Users\Sidney&Viviane\Documents\Andre\GitHub\harsh-payload\fpga_soc\synthesis\top.edn |
+---------+-----------------------------------------------------------------------------------------+

Options
+----------------------------------------------------+-------+
| Enable Single Event Transient mitigation           | false |
| Enable Design Separation Methodology               | false |
| Limit the number of high fanout nets to display to | 10    |
+----------------------------------------------------+-------+

Resource Usage
+---------------------------+------+-------+------------+
| Type                      | Used | Total | Percentage |
+---------------------------+------+-------+------------+
| 4LUT                      | 3044 | 27696 | 10.99      |
| DFF                       | 2800 | 27696 | 10.11      |
| I/O Register              | 0    | 621   | 0.00       |
| User I/O                  | 74   | 207   | 35.75      |
| -- Single-ended I/O       | 74   | 207   | 35.75      |
| -- Differential I/O Pairs | 0    | 103   | 0.00       |
| RAM64x18                  | 6    | 34    | 17.65      |
| RAM1K18                   | 0    | 31    | 0.00       |
| MACC                      | 0    | 34    | 0.00       |
| Chip Globals              | 3    | 16    | 18.75      |
| CCC                       | 1    | 6     | 16.67      |
| RCOSC_25_50MHZ            | 0    | 1     | 0.00       |
| RCOSC_1MHZ                | 0    | 1     | 0.00       |
| XTLOSC                    | 1    | 1     | 100.00     |
| MSS                       | 1    | 1     | 100.00     |
+---------------------------+------+-------+------------+

Detailed Logic Resource Usage
+--------------------------+------+------+
| Type                     | 4LUT | DFF  |
+--------------------------+------+------+
| Fabric Logic             | 2828 | 2584 |
| RAM64x18 Interface Logic | 216  | 216  |
| RAM1K18 Interface Logic  | 0    | 0    |
| MACC Interface Logic     | 0    | 0    |
| Total Used               | 3044 | 2800 |
+--------------------------+------+------+

MSS Resource Usage
+---------------+------+-------+
| Type          | Used | Total |
+---------------+------+-------+
| Cortex-M3*    | 1    | 1     |
| eNVM (256KB)* | 1    | 1     |
| eSRAM*        | 2    | 2     |
| TIMER*        | 2    | 2     |
| CAN           | 1    | 1     |
| SPI           | 1    | 2     |
| I2C           | 1    | 2     |
| UART          | 1    | 2     |
| USB           | 0    | 1     |
| MAC           | 0    | 1     |
| MDDR          | 0    | 1     |
| HPDMA         | 1    | 1     |
| PDMA          | 1    | 1     |
+---------------+------+-------+

* These resources are always marked as used when you are using the MSS

Detailed Carry Chains Resource Usage
+--------+------+
| Length | Used |
| 9      | 4    |
| 16     | 1    |
| 17     | 2    |
| 18     | 2    |
| 27     | 2    |
| 33     | 1    |
| 34     | 4    |
| Total  | 16   |
+--------+------+

I/O Function
+-------------------------------+--------------+-------------+-----------------+
| Type                          | w/o register | w/ register | w/ DDR register |
+-------------------------------+--------------+-------------+-----------------+
| Input I/O                     | 3            | 0           | 0               |
| Output I/O                    | 30           | 0           | 0               |
| Bidirectional I/O             | 41           | 0           | 0               |
| Differential Input I/O Pairs  | 0            | 0           | 0               |
| Differential Output I/O Pairs | 0            | 0           | 0               |
+-------------------------------+--------------+-------------+-----------------+

I/O Technology
+--------------+--------+------+-------+--------+---------------+
| I/O Standard | Vddi   | Vref | Input | Output | Bidirectional |
+--------------+--------+------+-------+--------+---------------+
| LVCMOS33     |  3.30v |  N/A |  3    |  30    |  41           |
+--------------+--------+------+-------+--------+---------------+

Nets assigned to chip global resources
+--------+---------+-----------------------------------------------------------------------+
| Fanout | Type    | Name                                                                  |
+--------+---------+-----------------------------------------------------------------------+
| 2604   | INT_NET | Net   : SDRCLK_c                                                      |
|        |         | Driver: top_sb_0/CCC_0/GL2_INST/U0_RGB1                               |
|        |         | Source: NETLIST                                                       |
| 1580   | INT_NET | Net   : top_sb_0/MSS_HPMS_READY_int_arst                              |
|        |         | Driver: top_sb_0/CORERESETP_0/MSS_HPMS_READY_int_rep_RNIBTFF/U0_RGB1  |
|        |         | Source: NETLIST                                                       |
| 967    | INT_NET | Net   : top_sb_0/COREAHBLTOAXI_0/reset_sync_1_arst_0                  |
|        |         | Driver: top_sb_0/COREAHBLTOAXI_0/U_RST_A/reset_sync_1_RNIGF7C/U0_RGB1 |
|        |         | Source: NETLIST                                                       |
+--------+---------+-----------------------------------------------------------------------+

Nets assigned to row global resources
+--------+------+------+
| Fanout | Type | Name |
+--------+------+------+
+--------+------+------+

High fanout nets
+--------+---------+---------------------------------------------------------------------------------------------------------------------------------------------------+
| Fanout | Type    | Name                                                                                                                                              |
+--------+---------+---------------------------------------------------------------------------------------------------------------------------------------------------+
| 145    | INT_NET | Net   : top_sb_0/un49_hburst_sync_i_i                                                                                                             |
|        |         | Driver: top_sb_0/COREAHBLTOAXI_0/U_AXIAccCntrl/WVALID_xhdl11_RNIOICI                                                                              |
| 136    | INT_NET | Net   : top_sb_0/RREADY_MI                                                                                                                        |
|        |         | Driver: top_sb_0/COREAXI_0/genblk3.master_stage0/RREADY_MI                                                                                        |
| 134    | INT_NET | Net   : top_sb_0/COREAHBLTOAXI_0/HREADYOUT_iv_RNIALFDC                                                                                            |
|        |         | Driver: top_sb_0/COREAHBLTOAXI_0/U_AHBAccCntrl/HREADYOUT_iv_RNIALFDC                                                                              |
| 128    | INT_NET | Net   : top_sb_0/COREAHBLTOAXI_0/U_WrChannelFifo/rdinr_d                                                                                          |
|        |         | Driver: top_sb_0/COREAHBLTOAXI_0/U_WrChannelFifo/rdinr_d                                                                                          |
| 79     | INT_NET | Net   : top_sb_0/CoreAHBLite_0_AHBmslave10_HSELx                                                                                                  |
|        |         | Driver: top_sb_0/CoreAHBLite_0/matrix4x16/slavestage_10/slave_arbiter/MASTERADDRINPROG_i_0_0_RNI9BVG3[0]                                          |
| 77     | INT_NET | Net   : top_sb_0/N_160                                                                                                                            |
|        |         | Driver: top_sb_0/MSS_SMC_0/axi_nextstate_1_sqmuxa_i_o3_i_a2                                                                                       |
| 74     | INT_NET | Net   : top_sb_0/MSS_SMC_0/CoreSDR_0/fastinit_1/fastsdram_1/refresh                                                                               |
|        |         | Driver: top_sb_0/MSS_SMC_0/CoreSDR_0/fastinit_1/fastsdram_1/refresh                                                                               |
| 72     | INT_NET | Net   : top_sb_0/COREAXI_0/N_142_i                                                                                                                |
|        |         | Driver: top_sb_0/COREAXI_0/genblk2.u_interconnect_ntom/genblk20.inst_matrix_S16/inst_wa_channel/genblk1.inst_wrmatrix_4Mto1S/UWA_ARBITER/N_142_i  |
| 72     | INT_NET | Net   : top_sb_0/COREAXI_0/WLAST_S6                                                                                                               |
|        |         | Driver: top_sb_0/COREAXI_0/genblk2.u_interconnect_ntom/genblk20.inst_matrix_S16/inst_wa_channel/genblk1.inst_wrmatrix_4Mto1S/UWA_ARBITER/m54_0_a2 |
| 72     | INT_NET | Net   : top_sb_0/COREAXI_0/genblk2.u_interconnect_ntom/genblk20.inst_matrix_S16/N_1734_i                                                          |
|        |         | Driver: top_sb_0/COREAXI_0/genblk2.u_interconnect_ntom/genblk20.inst_matrix_S16/inst_wa_channel/genblk1.inst_wrmatrix_4Mto1S/UWA_ARBITER/N_1734_i |
+--------+---------+---------------------------------------------------------------------------------------------------------------------------------------------------+

High fanout nets (through buffer trees)
+--------+---------+---------------------------------------------------------------------------------------------------------------------------------------------------+
| Fanout | Type    | Name                                                                                                                                              |
+--------+---------+---------------------------------------------------------------------------------------------------------------------------------------------------+
| 145    | INT_NET | Net   : top_sb_0/un49_hburst_sync_i_i                                                                                                             |
|        |         | Driver: top_sb_0/COREAHBLTOAXI_0/U_AXIAccCntrl/WVALID_xhdl11_RNIOICI                                                                              |
| 136    | INT_NET | Net   : top_sb_0/RREADY_MI                                                                                                                        |
|        |         | Driver: top_sb_0/COREAXI_0/genblk3.master_stage0/RREADY_MI                                                                                        |
| 134    | INT_NET | Net   : top_sb_0/COREAHBLTOAXI_0/HREADYOUT_iv_RNIALFDC                                                                                            |
|        |         | Driver: top_sb_0/COREAHBLTOAXI_0/U_AHBAccCntrl/HREADYOUT_iv_RNIALFDC                                                                              |
| 128    | INT_NET | Net   : top_sb_0/COREAHBLTOAXI_0/U_WrChannelFifo/rdinr_d                                                                                          |
|        |         | Driver: top_sb_0/COREAHBLTOAXI_0/U_WrChannelFifo/rdinr_d                                                                                          |
| 79     | INT_NET | Net   : top_sb_0/CoreAHBLite_0_AHBmslave10_HSELx                                                                                                  |
|        |         | Driver: top_sb_0/CoreAHBLite_0/matrix4x16/slavestage_10/slave_arbiter/MASTERADDRINPROG_i_0_0_RNI9BVG3[0]                                          |
| 77     | INT_NET | Net   : top_sb_0/N_160                                                                                                                            |
|        |         | Driver: top_sb_0/MSS_SMC_0/axi_nextstate_1_sqmuxa_i_o3_i_a2                                                                                       |
| 74     | INT_NET | Net   : top_sb_0/MSS_SMC_0/CoreSDR_0/fastinit_1/fastsdram_1/refresh                                                                               |
|        |         | Driver: top_sb_0/MSS_SMC_0/CoreSDR_0/fastinit_1/fastsdram_1/refresh                                                                               |
| 72     | INT_NET | Net   : top_sb_0/COREAXI_0/N_142_i                                                                                                                |
|        |         | Driver: top_sb_0/COREAXI_0/genblk2.u_interconnect_ntom/genblk20.inst_matrix_S16/inst_wa_channel/genblk1.inst_wrmatrix_4Mto1S/UWA_ARBITER/N_142_i  |
| 72     | INT_NET | Net   : top_sb_0/COREAXI_0/WLAST_S6                                                                                                               |
|        |         | Driver: top_sb_0/COREAXI_0/genblk2.u_interconnect_ntom/genblk20.inst_matrix_S16/inst_wa_channel/genblk1.inst_wrmatrix_4Mto1S/UWA_ARBITER/m54_0_a2 |
| 72     | INT_NET | Net   : top_sb_0/COREAXI_0/genblk2.u_interconnect_ntom/genblk20.inst_matrix_S16/N_1734_i                                                          |
|        |         | Driver: top_sb_0/COREAXI_0/genblk2.u_interconnect_ntom/genblk20.inst_matrix_S16/inst_wa_channel/genblk1.inst_wrmatrix_4Mto1S/UWA_ARBITER/N_1734_i |
+--------+---------+---------------------------------------------------------------------------------------------------------------------------------------------------+

