*****************************************************************
Pin Report - Date: Tue Apr 07 18:59:44 2020 Pinchecksum: NOT-AVAILABLE
Product: Designer
Release: v11.8
Version: 11.8.0.26
Design Name: top
Family: SmartFusion2
Die: M2S010
Package: 400 VF
*****************************************************************

Port         |Pin |Fixed |Function                                               |Bank     |I/O Std   |Direction                      |I/O state in Flash*Freeze mode |Resistor Pull                      |I/O available in Flash*Freeze mode |Schmitt Trigger |Odt_Static    |Odt Imp (Ohm)  |Low Power Exit |Input Delay |Slew         |Pre-Emphasis      |Output Drive (mA) |Output Load (pF) |
-------------|----|------|-------------------------------------------------------|---------|----------|-------------------------------|-------------------------------|-----------------------------------|-----------------------------------|----------------|--------------|---------------|---------------|------------|-------------|------------------|------------------|-----------------|
BA[0]         W10  Yes    MSIO102NB4/CCC_NE1_CLKI0                                Bank4     LVCMOS33   Output                          TRISTATE                        None                                No                                  ---              ---            ---             ---             ---          ---           ---                4                  5                 
BA[1]         V12  Yes    MSIO110PB4                                              Bank4     LVCMOS33   Output                          TRISTATE                        None                                No                                  ---              ---            ---             ---             ---          ---           ---                4                  5                 
CAN_RX        N20  Yes    MSIO8PB2/CAN_RX/GPIO_3_A/USB_DATA1_A                    Bank2     LVCMOS33   Input                           TRISTATE                        None                                No                                  Off              ---            ---             Off             Off          ---           ---                ---                ---               
CAN_TX        R15  Yes    MSIO7NB2/CAN_TX/GPIO_2_A/USB_DATA0_A                    Bank2     LVCMOS33   Output                          TRISTATE                        None                                No                                  ---              ---            ---             ---             ---          ---           ---                4                  5                 
CAN_TX_EN_N   M19  Yes    MSIO8NB2/CAN_TX_EN_N/GPIO_4_A/USB_DATA2_A               Bank2     LVCMOS33   Output                          TRISTATE                        None                                No                                  ---              ---            ---             ---             ---          ---           ---                4                  5                 
CAS_N         Y12  Yes    MSIO105PB4/CCC_NE0_CLKI0                                Bank4     LVCMOS33   Output                          TRISTATE                        None                                No                                  ---              ---            ---             ---             ---          ---           ---                4                  5                 
CKE           Y13  Yes    MSIO105NB4                                              Bank4     LVCMOS33   Output                          TRISTATE                        None                                No                                  ---              ---            ---             ---             ---          ---           ---                4                  5                 
CLK1_PAD      N16  Yes    MSIO11PB2/CCC_NE0_CLKI1/I2C_1_SDA/GPIO_0_A/USB_DATA3_A  Bank2     LVCMOS33   Input                           TRISTATE                        None                                No                                  Off              ---            ---             Off             Off          ---           ---                ---                ---               
CS_N[0]       R13  Yes    MSIO114PB4                                              Bank4     LVCMOS33   Output                          TRISTATE                        None                                No                                  ---              ---            ---             ---             ---          ---           ---                4                  5                 
DEVRST_N      U17  Fixed  DEVRST_N                                                ---       
DQ[0]         F1   Yes    MSIO79NB7                                               Bank7     LVCMOS33   Inout                           TRISTATE                        None                                No                                  Off              ---            ---             Off             Off          ---           ---                4                  5                 
DQ[1]         G1   Yes    MSIO79PB7/GB1                                           Bank7     LVCMOS33   Inout                           TRISTATE                        None                                No                                  Off              ---            ---             Off             Off          ---           ---                4                  5                 
DQ[2]         E2   Yes    MSIO70NB7                                               Bank7     LVCMOS33   Inout                           TRISTATE                        None                                No                                  Off              ---            ---             Off             Off          ---           ---                4                  5                 
DQ[3]         G2   Yes    MSIO78PB7/GB2                                           Bank7     LVCMOS33   Inout                           TRISTATE                        None                                No                                  Off              ---            ---             Off             Off          ---           ---                4                  5                 
DQ[4]         E3   Yes    MSIO68NB7                                               Bank7     LVCMOS33   Inout                           TRISTATE                        None                                No                                  Off              ---            ---             Off             Off          ---           ---                4                  5                 
DQ[5]         G3   Yes    MSIO78NB7                                               Bank7     LVCMOS33   Inout                           TRISTATE                        None                                No                                  Off              ---            ---             Off             Off          ---           ---                4                  5                 
DQ[6]         F3   Yes    MSIO71PB7                                               Bank7     LVCMOS33   Inout                           TRISTATE                        None                                No                                  Off              ---            ---             Off             Off          ---           ---                4                  5                 
DQ[7]         F4   Yes    MSIO71NB7                                               Bank7     LVCMOS33   Inout                           TRISTATE                        None                                No                                  Off              ---            ---             Off             Off          ---           ---                4                  5                 
DQ[8]         J7   Yes    MSIO81PB7                                               Bank7     LVCMOS33   Inout                           TRISTATE                        None                                No                                  Off              ---            ---             Off             Off          ---           ---                4                  5                 
DQ[9]         G6   Yes    MSIO74PB7                                               Bank7     LVCMOS33   Inout                           TRISTATE                        None                                No                                  Off              ---            ---             Off             Off          ---           ---                4                  5                 
DQ[10]        F6   Yes    MSIO67PB7                                               Bank7     LVCMOS33   Inout                           TRISTATE                        None                                No                                  Off              ---            ---             Off             Off          ---           ---                4                  5                 
DQ[11]        H5   Yes    MSIO80PB7                                               Bank7     LVCMOS33   Inout                           TRISTATE                        None                                No                                  Off              ---            ---             Off             Off          ---           ---                4                  5                 
DQ[12]        H6   Yes    MSIO81NB7                                               Bank7     LVCMOS33   Inout                           TRISTATE                        None                                No                                  Off              ---            ---             Off             Off          ---           ---                4                  5                 
DQ[13]        H4   Yes    MSIO80NB7                                               Bank7     LVCMOS33   Inout                           TRISTATE                        None                                No                                  Off              ---            ---             Off             Off          ---           ---                4                  5                 
DQ[14]        F5   Yes    MSIO75NB7                                               Bank7     LVCMOS33   Inout                           TRISTATE                        None                                No                                  Off              ---            ---             Off             Off          ---           ---                4                  5                 
DQ[15]        G4   Yes    MSIO75PB7                                               Bank7     LVCMOS33   Inout                           TRISTATE                        None                                No                                  Off              ---            ---             Off             Off          ---           ---                4                  5                 
DQM[0]        E5   Yes    MSIO67NB7                                               Bank7     LVCMOS33   Output                          TRISTATE                        None                                No                                  ---              ---            ---             ---             ---          ---           ---                4                  5                 
DQM[1]        F7   Yes    MSIO74NB7                                               Bank7     LVCMOS33   Output                          TRISTATE                        None                                No                                  ---              ---            ---             ---             ---          ---           ---                4                  5                 
GPIO_1_BI     M17  Yes    MSIO11NB2/CCC_NE0_CLKI2/I2C_1_SCL/GPIO_1_A/USB_DATA4_A  Bank2     LVCMOS33   Inout                           TRISTATE                        None                                No                                  Off              ---            ---             Off             Off          ---           ---                4                  5                 
GPIO_8_BI     H19  Yes    MSIO18PB2/SPI_0_SS1/GPIO_8_A/USB_DATA5_A                Bank2     LVCMOS33   Inout                           TRISTATE                        None                                No                                  Off              ---            ---             Off             Off          ---           ---                4                  5                 
GPIO_9_BI     G18  Yes    MSIO18NB2/SPI_0_SS2/GPIO_9_A/USB_DATA6_A                Bank2     LVCMOS33   Inout                           TRISTATE                        None                                No                                  Off              ---            ---             Off             Off          ---           ---                4                  5                 
GPIO_10_BI    H17  Yes    MSIO19PB2/SPI_0_SS3/GPIO_10_A/USB_DATA7_A               Bank2     LVCMOS33   Inout                           TRISTATE                        None                                No                                  Off              ---            ---             Off             Off          ---           ---                4                  5                 
GPIO_11_BI    L16  Yes    MSIO14NB2/SPI_1_SDI/GPIO_11_A                           Bank2     LVCMOS33   Inout                           TRISTATE                        None                                No                                  Off              ---            ---             Off             Off          ---           ---                4                  5                 
GPIO_12_BI    K20  Yes    MSIO15PB2/SPI_1_SDO/GPIO_12_A                           Bank2     LVCMOS33   Inout                           TRISTATE                        None                                No                                  Off              ---            ---             Off             Off          ---           ---                4                  5                 
GPIO_13_BI    J20  Yes    MSIO15NB2/SPI_1_SS0/GPIO_13_A                           Bank2     LVCMOS33   Inout                           TRISTATE                        None                                No                                  Off              ---            ---             Off             Off          ---           ---                4                  5                 
GPIO_14_BI    H16  Yes    MSIO19NB2/SPI_1_SS1/GPIO_14_A                           Bank2     LVCMOS33   Inout                           TRISTATE                        None                                No                                  Off              ---            ---             Off             Off          ---           ---                4                  5                 
GPIO_15_BI    G19  Yes    MSIO20PB2/SPI_1_SS2/GPIO_15_A                           Bank2     LVCMOS33   Inout                           TRISTATE                        None                                No                                  Off              ---            ---             Off             Off          ---           ---                4                  5                 
GPIO_16_BI    F20  Yes    MSIO20NB2/SPI_1_SS3/GPIO_16_A                           Bank2     LVCMOS33   Inout                           TRISTATE                        None                                No                                  Off              ---            ---             Off             Off          ---           ---                4                  5                 
GPIO_17_BI    J17  Yes    MSIO16PB2/SPI_1_SS4/GPIO_17_A                           Bank2     LVCMOS33   Inout                           TRISTATE                        None                                No                                  Off              ---            ---             Off             Off          ---           ---                4                  5                 
GPIO_18_BI    J18  Yes    MSIO16NB2/SPI_1_SS5/GPIO_18_A                           Bank2     LVCMOS33   Inout                           TRISTATE                        None                                No                                  Off              ---            ---             Off             Off          ---           ---                4                  5                 
GPIO_19_BI    E17  Yes    MSIO24PB1/MMUART_0_CTS/GPIO_19_B/USB_DATA7_C            Bank1     LVCMOS33   Inout                           TRISTATE                        None                                No                                  Off              ---            ---             Off             Off          ---           ---                4                  5                 
GPIO_20_BI    E16  Yes    MSIO24NB1/MMUART_0_DSR/GPIO_20_B                        Bank1     LVCMOS33   Inout                           TRISTATE                        None                                No                                  Off              ---            ---             Off             Off          ---           ---                4                  5                 
GPIO_21_BI    D20  Yes    MSIO25PB1/MMUART_0_RI/GPIO_21_B                         Bank1     LVCMOS33   Inout                           TRISTATE                        None                                No                                  Off              ---            ---             Off             Off          ---           ---                4                  5                 
GPIO_22_BI    C20  Yes    MSIO25NB1/MMUART_0_DCD/GPIO_22_B                        Bank1     LVCMOS33   Inout                           TRISTATE                        None                                No                                  Off              ---            ---             Off             Off          ---           ---                4                  5                 
GPIO_23_BI    K16  Yes    MSIO17PB2/SPI_1_SS6/GPIO_23_A                           Bank2     LVCMOS33   Inout                           TRISTATE                        None                                No                                  Off              ---            ---             Off             Off          ---           ---                4                  5                 
GPIO_24_BI    K15  Yes    MSIO17NB2/SPI_1_SS7/GPIO_24_A                           Bank2     LVCMOS33   Inout                           TRISTATE                        None                                No                                  Off              ---            ---             Off             Off          ---           ---                4                  5                 
GPIO_25_BI    E18  Yes    MSIO22PB1/GB6/MMUART_1_CLK/GPIO_25_B/USB_DATA4_C        Bank1     LVCMOS33   Inout                           TRISTATE                        None                                No                                  Off              ---            ---             Off             Off          ---           ---                4                  5                 
GPIO_26_BI    F18  Yes    MSIO22NB1/MMUART_1_RXD/GPIO_26_B/USB_DATA3_C            Bank1     LVCMOS33   Inout                           TRISTATE                        None                                No                                  Off              ---            ---             Off             Off          ---           ---                4                  5                 
GPIO_29_BI    B19  Yes    MSIO27NB1/MMUART_0_CLK/GPIO_29_B/USB_NXT_C              Bank1     LVCMOS33   Inout                           TRISTATE                        None                                No                                  Off              ---            ---             Off             Off          ---           ---                4                  5                 
I2C_0_SCL     A19  Yes    MSIO28NB1/I2C_0_SCL/GPIO_31_B/USB_DATA1_C               Bank1     LVCMOS33   Inout                           TRISTATE                        None                                No                                  Off              ---            ---             Off             Off          ---           ---                4                  5                 
I2C_0_SDA     A20  Yes    MSIO28PB1/I2C_0_SDA/GPIO_30_B/USB_DATA0_C               Bank1     LVCMOS33   Inout                           TRISTATE                        None                                No                                  Off              ---            ---             Off             Off          ---           ---                4                  5                 
MMUART_0_RXD  C19  Yes    MSIO27PB1/MMUART_0_RXD/GPIO_28_B/USB_STP_C              Bank1     LVCMOS33   Input                           TRISTATE                        None                                No                                  Off              ---            ---             Off             Off          ---           ---                ---                ---               
MMUART_0_TXD  D18  Yes    MSI26NB1/MMUART_0_TXD/GPIO_27_B/USB_DIR_C               Bank1     LVCMOS33   Output                          TRISTATE                        None                                No                                  ---              ---            ---             ---             ---          ---           ---                4                  5                 
RAS_N         U13  Yes    MSIO113PB4                                              Bank4     LVCMOS33   Output                          TRISTATE                        None                                No                                  ---              ---            ---             ---             ---          ---           ---                4                  5                 
SA[0]         U11  Yes    MSIO104NB4/GB7                                          Bank4     LVCMOS33   Output                          TRISTATE                        None                                No                                  ---              ---            ---             ---             ---          ---           ---                4                  5                 
SA[1]         U12  Yes    MSIO110NB4                                              Bank4     LVCMOS33   Output                          TRISTATE                        None                                No                                  ---              ---            ---             ---             ---          ---           ---                4                  5                 
SA[2]         V11  Yes    MSIO104PB4/GB3                                          Bank4     LVCMOS33   Output                          TRISTATE                        None                                No                                  ---              ---            ---             ---             ---          ---           ---                4                  5                 
SA[3]         Y10  Yes    MSIO102PB4                                              Bank4     LVCMOS33   Output                          TRISTATE                        None                                No                                  ---              ---            ---             ---             ---          ---           ---                4                  5                 
SA[4]         W15  Yes    MSIO118PB4                                              Bank4     LVCMOS33   Output                          TRISTATE                        None                                No                                  ---              ---            ---             ---             ---          ---           ---                4                  5                 
SA[5]         U14  Yes    MSIO115NB4                                              Bank4     LVCMOS33   Output                          TRISTATE                        None                                No                                  ---              ---            ---             ---             ---          ---           ---                4                  5                 
SA[6]         Y15  Yes    MSIO117PB4                                              Bank4     LVCMOS33   Output                          TRISTATE                        None                                No                                  ---              ---            ---             ---             ---          ---           ---                4                  5                 
SA[7]         W14  Yes    MSIO112NB4                                              Bank4     LVCMOS33   Output                          TRISTATE                        None                                No                                  ---              ---            ---             ---             ---          ---           ---                4                  5                 
SA[8]         T15  Yes    MSIO116NB4                                              Bank4     LVCMOS33   Output                          TRISTATE                        None                                No                                  ---              ---            ---             ---             ---          ---           ---                4                  5                 
SA[9]         W13  Yes    MSIO112PB4                                              Bank4     LVCMOS33   Output                          TRISTATE                        None                                No                                  ---              ---            ---             ---             ---          ---           ---                4                  5                 
SA[10]        T13  Yes    MSIO113NB4                                              Bank4     LVCMOS33   Output                          TRISTATE                        None                                No                                  ---              ---            ---             ---             ---          ---           ---                4                  5                 
SA[11]        V14  Yes    MSIO115PB4                                              Bank4     LVCMOS33   Output                          TRISTATE                        None                                No                                  ---              ---            ---             ---             ---          ---           ---                4                  5                 
SA[12]        V15  Yes    MSIO118NB4                                              Bank4     LVCMOS33   Output                          TRISTATE                        None                                No                                  ---              ---            ---             ---             ---          ---           ---                4                  5                 
SA[13]        Y16  Yes    MSIO117NB4                                              Bank4     LVCMOS33   Output                          TRISTATE                        None                                No                                  ---              ---            ---             ---             ---          ---           ---                4                  5                 
SDRCLK        T14  Yes    MSIO116PB4                                              Bank4     LVCMOS33   Output                          TRISTATE                        None                                No                                  ---              ---            ---             ---             ---          ---           ---                4                  5                 
SPI_0_CLK     P15  Yes    MSIO12PB2/SPI_0_CLK/USB_XCLK_A                          Bank2     LVCMOS33   Inout                           TRISTATE                        None                                No                                  Off              ---            ---             Off             Off          ---           ---                4                  5                 
SPI_0_DI      N15  Yes    MSIO12NB2/SPI_0_SDI/GPIO_5_A/USB_DIR_A                  Bank2     LVCMOS33   Input                           TRISTATE                        None                                No                                  Off              ---            ---             Off             Off          ---           ---                ---                ---               
SPI_0_DO      L20  Yes    MSIO13PB2/SPI_0_SDO/GPIO_6_A/USB_STP_A                  Bank2     LVCMOS33   Output                          TRISTATE                        None                                No                                  ---              ---            ---             ---             ---          ---           ---                4                  5                 
SPI_0_SS0     L19  Yes    MSIO13NB2/SPI_0_SS0/GPIO_7_A/USB_NXT_A                  Bank2     LVCMOS33   Inout                           TRISTATE                        None                                No                                  Off              ---            ---             Off             Off          ---           ---                4                  5                 
WE_N          R12  Yes    MSIO114NB4                                              Bank4     LVCMOS33   Output                          TRISTATE                        None                                No                                  ---              ---            ---             ---             ---          ---           ---                4                  5                 
