----------------------------------------------------------------
-Pin Report - Date: Tue Sep  7 12:47:36 2021 Pinchecksum: NOT-AVAILABLE
-Product: Designer
-Release: v12.6
-Version: 12.900.20.24
-Design Name: top
-Family: SmartFusion2
-Die: M2S025
-Package: 400 VF
-----------------------------------------------------------------

Port         |Pin |Fixed |Function                                                        |Bank     |I/O Std   |Direction                      |I/O state in Flash*Freeze mode |Resistor Pull                      |I/O available in Flash*Freeze mode |Schmitt Trigger |Odt_Static    |Odt Imp (Ohm)  |Low Power Exit |Input Delay |Slew         |Pre-Emphasis      |Output Drive (mA) |Output Load (pF) |
-------------|----|------|----------------------------------------------------------------|---------|----------|-------------------------------|-------------------------------|-----------------------------------|-----------------------------------|----------------|--------------|---------------|---------------|------------|-------------|------------------|------------------|-----------------|
BA[0]         Y13  Yes    MSIO129NB4                                                       Bank4     LVCMOS33   Output                          TRISTATE                        None                                No                                  ---              ---            ---             ---             ---          ---           ---                4                  5                 
BA[1]         V11  Yes    MSIO125PB4/GB3/CCC_SW0_CLKI3                                     Bank4     LVCMOS33   Output                          TRISTATE                        None                                No                                  ---              ---            ---             ---             ---          ---           ---                4                  5                 
CAN_RX        N20  Yes    MSIO8PB2/CAN_RX/GPIO_3_A/USB_DATA1_A                             Bank2     LVCMOS33   Input                           TRISTATE                        None                                No                                  Off              ---            ---             Off             Off          ---           ---                ---                ---               
CAN_TX        R15  Yes    MSIO7NB2/CAN_TX/GPIO_2_A/USB_DATA0_A                             Bank2     LVCMOS33   Output                          TRISTATE                        None                                No                                  ---              ---            ---             ---             ---          ---           ---                4                  5                 
CAN_TX_EN_N   M19  Yes    MSIO8NB2/CAN_TX_EN_N/GPIO_4_A/USB_DATA2_A                        Bank2     LVCMOS33   Output                          TRISTATE                        None                                No                                  ---              ---            ---             ---             ---          ---           ---                4                  5                 
CAS_N         T13  Yes    MSIO133NB4                                                       Bank4     LVCMOS33   Output                          TRISTATE                        None                                No                                  ---              ---            ---             ---             ---          ---           ---                4                  5                 
CKE           T15  Yes    MSIO144NB4                                                       Bank4     LVCMOS33   Output                          TRISTATE                        None                                No                                  ---              ---            ---             ---             ---          ---           ---                4                  5                 
CS_N[0]       U14  Yes    MSIO142NB4                                                       Bank4     LVCMOS33   Output                          TRISTATE                        None                                No                                  ---              ---            ---             ---             ---          ---           ---                4                  5                 
CS_N[1]       G4   Yes    MSIO93PB7                                                        Bank7     LVCMOS33   Output                          TRISTATE                        None                                No                                  ---              ---            ---             ---             ---          ---           ---                4                  5                 
CS_N[2]       F7   Yes    MSIO90NB7                                                        Bank7     LVCMOS33   Output                          TRISTATE                        None                                No                                  ---              ---            ---             ---             ---          ---           ---                4                  5                 
DEVRST_N      U17  Fixed  DEVRST_N                                                         ---       
DQ[0]         E2   Yes    MSIO86NB7                                                        Bank7     LVCMOS33   Inout                           TRISTATE                        None                                No                                  Off              ---            ---             Off             Off          ---           ---                4                  5                 
DQ[1]         E3   Yes    MSIO85NB7                                                        Bank7     LVCMOS33   Inout                           TRISTATE                        None                                No                                  Off              ---            ---             Off             Off          ---           ---                4                  5                 
DQ[2]         C1   Yes    MSIO80PB7                                                        Bank7     LVCMOS33   Inout                           TRISTATE                        None                                No                                  Off              ---            ---             Off             Off          ---           ---                4                  5                 
DQ[3]         F6   Yes    MSIO82PB7                                                        Bank7     LVCMOS33   Inout                           TRISTATE                        None                                No                                  Off              ---            ---             Off             Off          ---           ---                4                  5                 
DQ[4]         G1   Yes    MSIO97PB7/GB2/CCC_NW0_CLKI1                                      Bank7     LVCMOS33   Inout                           TRISTATE                        None                                No                                  Off              ---            ---             Off             Off          ---           ---                4                  5                 
DQ[5]         G3   Yes    MSIO96NB7                                                        Bank7     LVCMOS33   Inout                           TRISTATE                        None                                No                                  Off              ---            ---             Off             Off          ---           ---                4                  5                 
DQ[6]         G6   Yes    MSIO90PB7                                                        Bank7     LVCMOS33   Inout                           TRISTATE                        None                                No                                  Off              ---            ---             Off             Off          ---           ---                4                  5                 
DQ[7]         F5   Yes    MSIO93NB7                                                        Bank7     LVCMOS33   Inout                           TRISTATE                        None                                No                                  Off              ---            ---             Off             Off          ---           ---                4                  5                 
DQ[8]         H6   Yes    MSIO99NB7                                                        Bank7     LVCMOS33   Inout                           TRISTATE                        None                                No                                  Off              ---            ---             Off             Off          ---           ---                4                  5                 
DQ[9]         J7   Yes    MSIO99PB7/CCC_NW0_CLKI0                                          Bank7     LVCMOS33   Inout                           TRISTATE                        None                                No                                  Off              ---            ---             Off             Off          ---           ---                4                  5                 
DQ[10]        F3   Yes    MSIO89PB7                                                        Bank7     LVCMOS33   Inout                           TRISTATE                        None                                No                                  Off              ---            ---             Off             Off          ---           ---                4                  5                 
DQ[11]        G2   Yes    MSIO96PB7/GB6/CCC_NW1_CLKI1                                      Bank7     LVCMOS33   Inout                           TRISTATE                        None                                No                                  Off              ---            ---             Off             Off          ---           ---                4                  5                 
DQ[12]        C2   Yes    MSIO80NB7                                                        Bank7     LVCMOS33   Inout                           TRISTATE                        None                                No                                  Off              ---            ---             Off             Off          ---           ---                4                  5                 
DQ[13]        E5   Yes    MSIO82NB7                                                        Bank7     LVCMOS33   Inout                           TRISTATE                        None                                No                                  Off              ---            ---             Off             Off          ---           ---                4                  5                 
DQ[14]        F1   Yes    MSIO97NB7                                                        Bank7     LVCMOS33   Inout                           TRISTATE                        None                                No                                  Off              ---            ---             Off             Off          ---           ---                4                  5                 
DQ[15]        F4   Yes    MSIO89NB7                                                        Bank7     LVCMOS33   Inout                           TRISTATE                        None                                No                                  Off              ---            ---             Off             Off          ---           ---                4                  5                 
DQM[0]        H5   Yes    MSIO98PB7/CCC_NW1_CLKI0                                          Bank7     LVCMOS33   Output                          TRISTATE                        None                                No                                  ---              ---            ---             ---             ---          ---           ---                4                  5                 
DQM[1]        H4   Yes    MSIO98NB7                                                        Bank7     LVCMOS33   Output                          TRISTATE                        None                                No                                  ---              ---            ---             ---             ---          ---           ---                4                  5                 
GPIO_1_BI     M17  Yes    MSIO11NB2/CCC_NE1_CLKI0/I2C_1_SCL/GPIO_1_A/USB_DATA4_A           Bank2     LVCMOS33   Inout                           TRISTATE                        None                                No                                  Off              ---            ---             Off             Off          ---           ---                4                  5                 
GPIO_8_BI     H19  Yes    MSIO21PB2/SPI_0_SS1/GPIO_8_A/USB_DATA5_A                         Bank2     LVCMOS33   Inout                           TRISTATE                        None                                No                                  Off              ---            ---             Off             Off          ---           ---                4                  5                 
GPIO_9_BI     G18  Yes    MSIO21NB2/SPI_0_SS2/GPIO_9_A/USB_DATA6_A                         Bank2     LVCMOS33   Inout                           TRISTATE                        None                                No                                  Off              ---            ---             Off             Off          ---           ---                4                  5                 
GPIO_10_BI    H17  Yes    MSIO22PB2/SPI_0_SS3/GPIO_10_A/USB_DATA7_A                        Bank2     LVCMOS33   Inout                           TRISTATE                        None                                No                                  Off              ---            ---             Off             Off          ---           ---                4                  5                 
GPIO_11_BI    L16  Yes    MSIO16NB2/SPI_1_SDI/GPIO_11_A                                    Bank2     LVCMOS33   Inout                           TRISTATE                        None                                No                                  Off              ---            ---             Off             Off          ---           ---                4                  5                 
GPIO_12_BI    K20  Yes    MSIO17PB2/SPI_1_SDO/GPIO_12_A                                    Bank2     LVCMOS33   Inout                           TRISTATE                        None                                No                                  Off              ---            ---             Off             Off          ---           ---                4                  5                 
GPIO_13_BI    J20  Yes    MSIO17NB2/SPI_1_SS0/GPIO_13_A                                    Bank2     LVCMOS33   Inout                           TRISTATE                        None                                No                                  Off              ---            ---             Off             Off          ---           ---                4                  5                 
GPIO_14_BI    H16  Yes    MSIO22NB2/SPI_1_SS1/GPIO_14_A                                    Bank2     LVCMOS33   Inout                           TRISTATE                        None                                No                                  Off              ---            ---             Off             Off          ---           ---                4                  5                 
GPIO_15_BI    G19  Yes    MSIO23PB2/SPI_1_SS2/GPIO_15_A                                    Bank2     LVCMOS33   Inout                           TRISTATE                        None                                No                                  Off              ---            ---             Off             Off          ---           ---                4                  5                 
GPIO_16_BI    F20  Yes    MSIO23NB2/SPI_1_SS3/GPIO_16_A                                    Bank2     LVCMOS33   Inout                           TRISTATE                        None                                No                                  Off              ---            ---             Off             Off          ---           ---                4                  5                 
GPIO_17_BI    J17  Yes    MSIO18PB2/SPI_1_SS4/GPIO_17_A                                    Bank2     LVCMOS33   Inout                           TRISTATE                        None                                No                                  Off              ---            ---             Off             Off          ---           ---                4                  5                 
GPIO_18_BI    J18  Yes    MSIO18NB2/SPI_1_SS5/GPIO_18_A                                    Bank2     LVCMOS33   Inout                           TRISTATE                        None                                No                                  Off              ---            ---             Off             Off          ---           ---                4                  5                 
GPIO_19_BI    E17  Yes    MSIO30PB1/MMUART_0_CTS/GPIO_19_B/USB_DATA7_C                     Bank1     LVCMOS33   Inout                           TRISTATE                        None                                No                                  Off              ---            ---             Off             Off          ---           ---                4                  5                 
GPIO_20_BI    E16  Yes    MSIO30NB1/MMUART_0_DSR/GPIO_20_B                                 Bank1     LVCMOS33   Inout                           TRISTATE                        None                                No                                  Off              ---            ---             Off             Off          ---           ---                4                  5                 
GPIO_21_BI    D20  Yes    MSIO31PB1/MMUART_0_RI/GPIO_21_B                                  Bank1     LVCMOS33   Inout                           TRISTATE                        None                                No                                  Off              ---            ---             Off             Off          ---           ---                4                  5                 
GPIO_22_BI    C20  Yes    MSIO31NB1/MMUART_0_DCD/GPIO_22_B                                 Bank1     LVCMOS33   Inout                           TRISTATE                        None                                No                                  Off              ---            ---             Off             Off          ---           ---                4                  5                 
GPIO_23_BI    K16  Yes    MSIO19PB2/SPI_1_SS6/GPIO_23_A                                    Bank2     LVCMOS33   Inout                           TRISTATE                        None                                No                                  Off              ---            ---             Off             Off          ---           ---                4                  5                 
GPIO_24_BI    K15  Yes    MSIO19NB2/SPI_1_SS7/GPIO_24_A                                    Bank2     LVCMOS33   Inout                           TRISTATE                        None                                No                                  Off              ---            ---             Off             Off          ---           ---                4                  5                 
GPIO_25_BI    E18  Yes    MSIO28PB1/GB14/VCCC_SE1_CLKI/MMUART_1_CLK/GPIO_25_B/USB_DATA4_C  Bank1     LVCMOS33   Inout                           TRISTATE                        None                                No                                  Off              ---            ---             Off             Off          ---           ---                4                  5                 
GPIO_26_BI    F18  Yes    MSIO28NB1/MMUART_1_RXD/GPIO_26_B/USB_DATA3_C                     Bank1     LVCMOS33   Inout                           TRISTATE                        None                                No                                  Off              ---            ---             Off             Off          ---           ---                4                  5                 
GPIO_29_BI    B19  Yes    MSIO33NB1/MMUART_0_CLK/GPIO_29_B/USB_NXT_C                       Bank1     LVCMOS33   Inout                           TRISTATE                        None                                No                                  Off              ---            ---             Off             Off          ---           ---                4                  5                 
I2C_0_SCL     A19  Yes    MSIO34NB1/I2C_0_SCL/GPIO_31_B/USB_DATA1_C                        Bank1     LVCMOS33   Inout                           TRISTATE                        None                                No                                  Off              ---            ---             Off             Off          ---           ---                4                  5                 
I2C_0_SDA     A20  Yes    MSIO34PB1/I2C_0_SDA/GPIO_30_B/USB_DATA0_C                        Bank1     LVCMOS33   Inout                           TRISTATE                        None                                No                                  Off              ---            ---             Off             Off          ---           ---                4                  5                 
MMUART_0_RXD  C19  Yes    MSIO33PB1/MMUART_0_RXD/GPIO_28_B/USB_STP_C                       Bank1     LVCMOS33   Input                           TRISTATE                        None                                No                                  Off              ---            ---             Off             Off          ---           ---                ---                ---               
MMUART_0_TXD  D18  Yes    MSI32NB1/MMUART_0_TXD/GPIO_27_B/USB_DIR_C                        Bank1     LVCMOS33   Output                          TRISTATE                        None                                No                                  ---              ---            ---             ---             ---          ---           ---                4                  5                 
RAS_N         R13  Yes    MSIO134PB4/VCCC_SE1_CLKI                                         Bank4     LVCMOS33   Output                          TRISTATE                        None                                No                                  ---              ---            ---             ---             ---          ---           ---                4                  5                 
SA[0]         U13  Yes    MSIO133PB4/GB15/VCCC_SE1_CLKI                                    Bank4     LVCMOS33   Output                          TRISTATE                        None                                No                                  ---              ---            ---             ---             ---          ---           ---                4                  5                 
SA[1]         Y15  Yes    MSIO145PB4                                                       Bank4     LVCMOS33   Output                          TRISTATE                        None                                No                                  ---              ---            ---             ---             ---          ---           ---                4                  5                 
SA[2]         W10  Yes    MSIO120NB4/CCC_SW0_CLKI2                                         Bank4     LVCMOS33   Output                          TRISTATE                        None                                No                                  ---              ---            ---             ---             ---          ---           ---                4                  5                 
SA[3]         V14  Yes    MSIO142PB4                                                       Bank4     LVCMOS33   Output                          TRISTATE                        None                                No                                  ---              ---            ---             ---             ---          ---           ---                4                  5                 
SA[4]         V15  Yes    MSIO146NB4                                                       Bank4     LVCMOS33   Output                          TRISTATE                        None                                No                                  ---              ---            ---             ---             ---          ---           ---                4                  5                 
SA[5]         Y10  Yes    MSIO120PB4                                                       Bank4     LVCMOS33   Output                          TRISTATE                        None                                No                                  ---              ---            ---             ---             ---          ---           ---                4                  5                 
SA[6]         W15  Yes    MSIO146PB4                                                       Bank4     LVCMOS33   Output                          TRISTATE                        None                                No                                  ---              ---            ---             ---             ---          ---           ---                4                  5                 
SA[7]         U11  Yes    MSIO125NB4/GB7/CCC_SW1_CLKI2                                     Bank4     LVCMOS33   Output                          TRISTATE                        None                                No                                  ---              ---            ---             ---             ---          ---           ---                4                  5                 
SA[8]         W14  Yes    MSIO131NB4                                                       Bank4     LVCMOS33   Output                          TRISTATE                        None                                No                                  ---              ---            ---             ---             ---          ---           ---                4                  5                 
SA[9]         V12  Yes    MSIO130PB4/VCCC_SE0_CLKI                                         Bank4     LVCMOS33   Output                          TRISTATE                        None                                No                                  ---              ---            ---             ---             ---          ---           ---                4                  5                 
SA[10]        W13  Yes    MSIO131PB4/GB11/VCCC_SE0_CLKI                                    Bank4     LVCMOS33   Output                          TRISTATE                        None                                No                                  ---              ---            ---             ---             ---          ---           ---                4                  5                 
SA[11]        Y12  Yes    MSIO129PB4/CCC_SW1_CLKI3                                         Bank4     LVCMOS33   Output                          TRISTATE                        None                                No                                  ---              ---            ---             ---             ---          ---           ---                4                  5                 
SA[12]        U12  Yes    MSIO130NB4                                                       Bank4     LVCMOS33   Output                          TRISTATE                        None                                No                                  ---              ---            ---             ---             ---          ---           ---                4                  5                 
SA[13]        J19  No     MSIO20PB2/GB9/VCCC_SE0_CLKI/GPIO_25_A                            Bank2     LVCMOS33   Output                          TRISTATE                        None                                No                                  ---              ---            ---             ---             ---          ---           ---                4                  5                 
SDRCLK        T14  Yes    MSIO144PB4                                                       Bank4     LVCMOS33   Output                          TRISTATE                        None                                No                                  ---              ---            ---             ---             ---          ---           ---                4                  5                 
SPI_0_CLK     P15  Yes    MSIO12PB2/SPI_0_CLK/USB_XCLK_A                                   Bank2     LVCMOS33   Inout                           TRISTATE                        None                                No                                  Off              ---            ---             Off             Off          ---           ---                4                  5                 
SPI_0_DI      N15  Yes    MSIO12NB2/SPI_0_SDI/GPIO_5_A/USB_DIR_A                           Bank2     LVCMOS33   Input                           TRISTATE                        None                                No                                  Off              ---            ---             Off             Off          ---           ---                ---                ---               
SPI_0_DO      L20  Yes    MSIO13PB2/SPI_0_SDO/GPIO_6_A/USB_STP_A                           Bank2     LVCMOS33   Output                          TRISTATE                        None                                No                                  ---              ---            ---             ---             ---          ---           ---                4                  5                 
SPI_0_SS0     L19  Yes    MSIO13NB2/SPI_0_SS0/GPIO_7_A/USB_NXT_A                           Bank2     LVCMOS33   Inout                           TRISTATE                        None                                No                                  Off              ---            ---             Off             Off          ---           ---                4                  5                 
WE_N          R12  Yes    MSIO134NB4                                                       Bank4     LVCMOS33   Output                          TRISTATE                        None                                No                                  ---              ---            ---             ---             ---          ---           ---                4                  5                 
XTL           Y18  Fixed  XTLOSC_MAIN_XTAL                                                 ---       
