*****************************************************************
Pin Report - Date: Tue Oct 06 16:34:17 2020 Pinchecksum: NOT-AVAILABLE
Product: Designer
Release: v11.8
Version: 11.8.0.26
Design Name: top
Family: SmartFusion2
Die: M2S025
Package: 400 VF
*****************************************************************

Number |Port         |Function                                                        |State      |I/O Std  |Direction |I/O state in Flash*Freeze mode |Resistor Pull |I/O available in Flash*Freeze mode |Schmitt Trigger |Odt_Static |Odt Imp (Ohm) |Low Power Exit |Input Delay |Slew |Pre-Emphasis |Output Drive (mA) |Output Load (pF) |
-------|-------------|----------------------------------------------------------------|-----------|---------|----------|-------------------------------|--------------|-----------------------------------|----------------|-----------|--------------|---------------|------------|-----|-------------|------------------|-----------------|
A1                    DDRIO65PB0/GB0/CCC_NW0_CLKI3                                     Special     
A2                    VSS                                                              Reserved    
A3                    DDRIO62PB0/MDDR_DQ_ECC1                                          Unassigned  
A4                    DDRIO62NB0/MDDR_DQ_ECC0                                          Unassigned  
A5                    DDRIO59PB0/MDDR_DQ2                                              Unassigned  
A6                    DDRIO59NB0/MDDR_DQ3                                              Unassigned  
A7                    VDDI0                                                            Reserved    
A8                    DDRIO56PB0/MDDR_DQ5                                              Unassigned  
A9                    DDRIO54PB0/MDDR_DQ8                                              Unassigned  
A10                   DDRIO54NB0/MDDR_DQ9                                              Unassigned  
A11                   DDRIO49PB0/CCC_NE1_CLKI3/MDDR_DQ14                               Special     
A12                   VSS                                                              Reserved    
A13                   DDRIO42PB0/MDDR_ADDR1                                            Unassigned  
A14                   DDRIO42NB0/MDDR_ADDR2                                            Unassigned  
A15                   DDRIO40NB0/MDDR_ADDR6                                            Unassigned  
A16                   DDRIO38PB0/MDDR_ADDR8                                            Unassigned  
A17                   VDDI0                                                            Reserved    
A18                   DDRIO35PB0/MDDR_ADDR14                                           Unassigned  
A19     I2C_0_SCL     MSIO34NB1/I2C_0_SCL/GPIO_31_B/USB_DATA1_C                        Fixed       LVCMOS33  Inout      TRISTATE                        None           No                                  Off              ---         ---            Off             Off          ---   ---           4                  5                 
A20     I2C_0_SDA     MSIO34PB1/I2C_0_SDA/GPIO_30_B/USB_DATA0_C                        Fixed       LVCMOS33  Inout      TRISTATE                        None           No                                  Off              ---         ---            Off             Off          ---   ---           4                  5                 
B1                    DDRIO65NB0/GB4/CCC_NW1_CLKI2                                     Special     
B2                    MDDR_IMP_CALIB                                                   Reserved    
B3                    DDRIO64PB0/MDDR_DQS_ECC                                          Unassigned  
B4                    DDRIO64NB0/MDDR_DQS_ECC_N                                        Unassigned  
B5                    VSS                                                              Reserved    
B6                    DDRIO57PB0/MDDR_DM_RDQS0                                         Unassigned  
B7                    DDRIO57NB0/MDDR_DQ4                                              Unassigned  
B8                    DDRIO56NB0/MDDR_DQ6                                              Unassigned  
B9                    DDRIO52NB0/MDDR_DQS1_N                                           Unassigned  
B10                   VDDI0                                                            Reserved    
B11                   DDRIO49NB0/MDDR_DQ15                                             Unassigned  
B12                   DDRIO45NB0/MDDR_CLK_N                                            Unassigned  
B13                   DDRIO45PB0/MDDR_CLK                                              Unassigned  
B14                   DDRIO40PB0/MDDR_ADDR5                                            Unassigned  
B15                   VSS                                                              Reserved    
B16                   DDRIO39PB0/MDDR_ODT                                              Unassigned  
B17                   DDRIO38NB0/MDDR_ADDR9                                            Unassigned  
B18                   DDRIO35NB0/MDDR_ADDR15                                           Unassigned  
B19     GPIO_29_BI    MSIO33NB1/MMUART_0_CLK/GPIO_29_B/USB_NXT_C                       Fixed       LVCMOS33  Inout      TRISTATE                        None           No                                  Off              ---         ---            Off             Off          ---   ---           4                  5                 
B20                   VDDI1                                                            Reserved    
C1      DQ[2]         MSIO80PB7                                                        Fixed       LVCMOS33  Inout      TRISTATE                        None           No                                  Off              ---         ---            Off             Off          ---   ---           4                  5                 
C2      DQ[12]        MSIO80NB7                                                        Fixed       LVCMOS33  Inout      TRISTATE                        None           No                                  Off              ---         ---            Off             Off          ---   ---           4                  5                 
C3                    VDDI0                                                            Reserved    
C4                    DDRIO66PB0/MDDR_TMATCH_ECC_OUT                                   Unassigned  
C5                    DDRIO63NB0/MDDR_DM_RDQS_ECC                                      Unassigned  
C6                    DDRIO58PB0/MDDR_DQS0                                             Unassigned  
C7                    DDRIO58NB0/MDDR_DQS0_N                                           Unassigned  
C8                    VSS                                                              Reserved    
C9                    DDRIO52PB0/GB8/CCC_NE0_CLKI3/MDDR_DQS1                           Special     
C10                   DDRIO53NB0/MDDR_DQ11                                             Unassigned  
C11                   DDRIO47NB0/MDDR_CS_N                                             Unassigned  
C12                   DDRIO47PB0/MDDR_CKE                                              Unassigned  
C13                   VDDI0                                                            Reserved    
C14                   DDRIO41PB0/MDDR_ADDR3                                            Unassigned  
C15                   DDRIO41NB0/MDDR_ADDR4                                            Unassigned  
C16                   DDRIO39NB0/MDDR_ADDR7                                            Unassigned  
C17                   DDRIO36NB0/MDDR_ADDR13                                           Unassigned  
C18                   VSS                                                              Reserved    
C19     MMUART_0_RXD  MSIO33PB1/MMUART_0_RXD/GPIO_28_B/USB_STP_C                       Fixed       LVCMOS33  Input      TRISTATE                        None           No                                  Off              ---         ---            Off             Off          ---   ---           ---                ---               
C20     GPIO_22_BI    MSIO31NB1/MMUART_0_DCD/GPIO_22_B                                 Fixed       LVCMOS33  Inout      TRISTATE                        None           No                                  Off              ---         ---            Off             Off          ---   ---           4                  5                 
D1                    VSS                                                              Reserved    
D2                    MSIO85PB7                                                        Unassigned  
D3                    DDRIO66NB0/CCC_NW0_CLKI2                                         Special     
D4                    DDRIO63PB0/MDDR_TMATCH_ECC_IN                                    Unassigned  
D5                    DDRIO61NB0                                                       Unassigned  
D6                    VDDI0                                                            Reserved    
D7                    DDRIO55PB0/MDDR_DQ7                                              Unassigned  
D8                    DDRIO55NB0/MDDR_TMATCH_0_OUT                                     Unassigned  
D9                    DDRIO53PB0/CCC_NE0_CLKI2/MDDR_DQ10                               Special     
D10                   DDRIO50PB0/GB12/CCC_NE1_CLKI2/MDDR_DQ12                          Special     
D11                   VSS                                                              Reserved    
D12                   DDRIO48PB0/MDDR_RAS_N                                            Unassigned  
D13                   DDRIO43PB0/MDDR_BA2                                              Unassigned  
D14                   DDRIO43NB0/MDDR_ADDR0                                            Unassigned  
D15                   DDRIO37PB0/MDDR_ADDR10                                           Unassigned  
D16                   VDDI0                                                            Reserved    
D17                   DDRIO36PB0/MDDR_ADDR12                                           Unassigned  
D18     MMUART_0_TXD  MSI32NB1/MMUART_0_TXD/GPIO_27_B/USB_DIR_C                        Fixed       LVCMOS33  Output     TRISTATE                        None           No                                  ---              ---         ---            ---             ---          ---   ---           4                  5                 
D19                   FLASH_GOLDEN_N                                                   Reserved    
D20     GPIO_21_BI    MSIO31PB1/MMUART_0_RI/GPIO_21_B                                  Fixed       LVCMOS33  Inout      TRISTATE                        None           No                                  Off              ---         ---            Off             Off          ---   ---           4                  5                 
E1      SA[13]        MSIO86PB7                                                        Assigned    LVCMOS33  Output     TRISTATE                        None           No                                  ---              ---         ---            ---             ---          ---   ---           4                  5                 
E2      DQ[0]         MSIO86NB7                                                        Fixed       LVCMOS33  Inout      TRISTATE                        None           No                                  Off              ---         ---            Off             Off          ---   ---           4                  5                 
E3      DQ[1]         MSIO85NB7                                                        Fixed       LVCMOS33  Inout      TRISTATE                        None           No                                  Off              ---         ---            Off             Off          ---   ---           4                  5                 
E4                    VSS                                                              Reserved    
E5      DQ[13]        MSIO82NB7                                                        Fixed       LVCMOS33  Inout      TRISTATE                        None           No                                  Off              ---         ---            Off             Off          ---   ---           4                  5                 
E6                    DDRIO61PB0/CCC_NW1_CLKI3                                         Special     
E7                    DDRIO60PB0/MDDR_DQ0                                              Unassigned  
E8                    DDRIO51PB0/MDDR_TMATCH_0_IN                                      Unassigned  
E9                    VDDI0                                                            Reserved    
E10                   DDRIO50NB0/MDDR_DQ13                                             Unassigned  
E11                   DDRIO48NB0/MDDR_WE_N                                             Unassigned  
E12                   DDRIO46NB0/MDDR_CAS_N                                            Unassigned  
E13                   DDRIO44PB0/MDDR_BA0                                              Unassigned  
E14                   VSS                                                              Reserved    
E15                   DDRIO37NB0/MDDR_ADDR11                                           Unassigned  
E16     GPIO_20_BI    MSIO30NB1/MMUART_0_DSR/GPIO_20_B                                 Fixed       LVCMOS33  Inout      TRISTATE                        None           No                                  Off              ---         ---            Off             Off          ---   ---           4                  5                 
E17     GPIO_19_BI    MSIO30PB1/MMUART_0_CTS/GPIO_19_B/USB_DATA7_C                     Fixed       LVCMOS33  Inout      TRISTATE                        None           No                                  Off              ---         ---            Off             Off          ---   ---           4                  5                 
E18     GPIO_25_BI    MSIO28PB1/GB14/VCCC_SE1_CLKI/MMUART_1_CLK/GPIO_25_B/USB_DATA4_C  Special     LVCMOS33  Inout      TRISTATE                        None           No                                  Off              ---         ---            Off             Off          ---   ---           4                  5                 
E19                   VDDI1                                                            Reserved    
E20                   MSIO26NB1/MMUART_1_DCD/GPIO_16_B                                 Unassigned  
F1      DQ[14]        MSIO97NB7                                                        Fixed       LVCMOS33  Inout      TRISTATE                        None           No                                  Off              ---         ---            Off             Off          ---   ---           4                  5                 
F2                    VDDI7                                                            Reserved    
F3      DQ[10]        MSIO89PB7                                                        Fixed       LVCMOS33  Inout      TRISTATE                        None           No                                  Off              ---         ---            Off             Off          ---   ---           4                  5                 
F4      DQ[15]        MSIO89NB7                                                        Fixed       LVCMOS33  Inout      TRISTATE                        None           No                                  Off              ---         ---            Off             Off          ---   ---           4                  5                 
F5      DQ[7]         MSIO93NB7                                                        Fixed       LVCMOS33  Inout      TRISTATE                        None           No                                  Off              ---         ---            Off             Off          ---   ---           4                  5                 
F6      DQ[3]         MSIO82PB7                                                        Fixed       LVCMOS33  Inout      TRISTATE                        None           No                                  Off              ---         ---            Off             Off          ---   ---           4                  5                 
F7      CS_N[2]       MSIO90NB7                                                        Fixed       LVCMOS33  Output     TRISTATE                        None           No                                  ---              ---         ---            ---             ---          ---   ---           4                  5                 
F8                    DDRIO60NB0/MDDR_DQ1                                              Unassigned  
F9                    DDRIO51NB0/MDDR_DM_RDQS1                                         Unassigned  
F10                   VREF0                                                            Reserved    
F11                   DDRIO46PB0/MDDR_RESET_N                                          Unassigned  
F12                   VREF0                                                            Reserved    
F13                   DDRIO44NB0/MDDR_BA1                                              Unassigned  
F14                   MSIO25NB1/MMUART_1_DSR/GPIO_14_B                                 Unassigned  
F15                   MSIO29PB1/MMUART_0_RTS/GPIO_17_B/USB_DATA5_C                     Unassigned  
F16                   MSIO29NB1/MMUART_0_DTR/GPIO_18_B/USB_DATA6_C                     Unassigned  
F17                   VSS                                                              Reserved    
F18     GPIO_26_BI    MSIO28NB1/MMUART_1_RXD/GPIO_26_B/USB_DATA3_C                     Fixed       LVCMOS33  Inout      TRISTATE                        None           No                                  Off              ---         ---            Off             Off          ---   ---           4                  5                 
F19                   MSIO26PB1/CCC_NE1_CLKI1/MMUART_1_RI/GPIO_15_B                    Special     
F20     GPIO_16_BI    MSIO23NB2/SPI_1_SS3/GPIO_16_A                                    Fixed       LVCMOS33  Inout      TRISTATE                        None           No                                  Off              ---         ---            Off             Off          ---   ---           4                  5                 
G1      DQ[4]         MSIO97PB7/GB2/CCC_NW0_CLKI1                                      Special     LVCMOS33  Inout      TRISTATE                        None           No                                  Off              ---         ---            Off             Off          ---   ---           4                  5                 
G2      DQ[11]        MSIO96PB7/GB6/CCC_NW1_CLKI1                                      Special     LVCMOS33  Inout      TRISTATE                        None           No                                  Off              ---         ---            Off             Off          ---   ---           4                  5                 
G3      DQ[5]         MSIO96NB7                                                        Fixed       LVCMOS33  Inout      TRISTATE                        None           No                                  Off              ---         ---            Off             Off          ---   ---           4                  5                 
G4      CS_N[1]       MSIO93PB7                                                        Fixed       LVCMOS33  Output     TRISTATE                        None           No                                  ---              ---         ---            ---             ---          ---   ---           4                  5                 
G5                    VDDI7                                                            Reserved    
G6      DQ[6]         MSIO90PB7                                                        Fixed       LVCMOS33  Inout      TRISTATE                        None           No                                  Off              ---         ---            Off             Off          ---   ---           4                  5                 
G7                    CCC_NW0_NW1_PLL_VDDA                                             Reserved    
G8                    VDDI0                                                            Reserved    
G9                    VSS                                                              Reserved    
G10                   VDDI0                                                            Reserved    
G11                   VSS                                                              Reserved    
G12                   VDDI0                                                            Reserved    
G13                   CCC_NE0_NE1_MSS_MDDR_PLL_VSSA                                    Reserved    
G14                   MSIO25PB1/CCC_NE0_CLKI1/MMUART_1_CTS/GPIO_13_B                   Special     
G15                   VDDI1                                                            Reserved    
G16                   MSIO27NB1/MMUART_1_TXD/GPIO_24_B/USB_DATA2_C                     Unassigned  
G17                   MSIO27PB1/GB10/VCCC_SE0_CLKI/USB_XCLK_C                          Special     
G18     GPIO_9_BI     MSIO21NB2/SPI_0_SS2/GPIO_9_A/USB_DATA6_A                         Fixed       LVCMOS33  Inout      TRISTATE                        None           No                                  Off              ---         ---            Off             Off          ---   ---           4                  5                 
G19     GPIO_15_BI    MSIO23PB2/SPI_1_SS2/GPIO_15_A                                    Fixed       LVCMOS33  Inout      TRISTATE                        None           No                                  Off              ---         ---            Off             Off          ---   ---           4                  5                 
G20                   VSS                                                              Reserved    
H1                    MSIOD100PB6/GB5/CCC_SW1_CLKI1                                    Special     
H2                    MSIOD100NB6                                                      Unassigned  
H3                    VSS                                                              Reserved    
H4      DQM[1]        MSIO98NB7                                                        Fixed       LVCMOS33  Output     TRISTATE                        None           No                                  ---              ---         ---            ---             ---          ---   ---           4                  5                 
H5      DQM[0]        MSIO98PB7/CCC_NW1_CLKI0                                          Special     LVCMOS33  Output     TRISTATE                        None           No                                  ---              ---         ---            ---             ---          ---   ---           4                  5                 
H6      DQ[8]         MSIO99NB7                                                        Fixed       LVCMOS33  Inout      TRISTATE                        None           No                                  Off              ---         ---            Off             Off          ---   ---           4                  5                 
H7                    CCC_NW0_NW1_PLL_VSSA                                             Reserved    
H8                    VSS                                                              Reserved    
H9                    VDD                                                              Reserved    
H10                   VSS                                                              Reserved    
H11                   VDD                                                              Reserved    
H12                   VSS                                                              Reserved    
H13                   VSS                                                              Reserved    
H14                   CCC_NE0_NE1_MSS_MDDR_PLL_VDDA                                    Reserved    
H15                   MSIO24NB1/MMUART_1_DTR/GPIO_12_B                                 Unassigned  
H16     GPIO_14_BI    MSIO22NB2/SPI_1_SS1/GPIO_14_A                                    Fixed       LVCMOS33  Inout      TRISTATE                        None           No                                  Off              ---         ---            Off             Off          ---   ---           4                  5                 
H17     GPIO_10_BI    MSIO22PB2/SPI_0_SS3/GPIO_10_A/USB_DATA7_A                        Fixed       LVCMOS33  Inout      TRISTATE                        None           No                                  Off              ---         ---            Off             Off          ---   ---           4                  5                 
H18                   VDDI2                                                            Reserved    
H19     GPIO_8_BI     MSIO21PB2/SPI_0_SS1/GPIO_8_A/USB_DATA5_A                         Fixed       LVCMOS33  Inout      TRISTATE                        None           No                                  Off              ---         ---            Off             Off          ---   ---           4                  5                 
H20                   MSIO20NB2/GB13/VCCC_SE1_CLKI/GPIO_26_A                           Special     
J1                    VDDI6                                                            Reserved    
J2                    MSIOD102PB6/CCC_SW1_CLKI0                                        Special     
J3                    MSIOD102NB6                                                      Unassigned  
J4                    MSIOD101PB6/GB1/CCC_SW0_CLKI1                                    Special     
J5                    MSIOD101NB6                                                      Unassigned  
J6                    MSIOD103NB6                                                      Unassigned  
J7      DQ[9]         MSIO99PB7/CCC_NW0_CLKI0                                          Special     LVCMOS33  Inout      TRISTATE                        None           No                                  Off              ---         ---            Off             Off          ---   ---           4                  5                 
J8                    VDDI7                                                            Reserved    
J9                    VSS                                                              Reserved    
J10                   VDD                                                              Reserved    
J11                   VSS                                                              Reserved    
J12                   VDD                                                              Reserved    
J13                   VSS                                                              Reserved    
J14                   VPP                                                              Reserved    
J15                   MSIO24PB1/MMUART_1_RTS/GPIO_11_B                                 Unassigned  
J16                   VSS                                                              Reserved    
J17     GPIO_17_BI    MSIO18PB2/SPI_1_SS4/GPIO_17_A                                    Fixed       LVCMOS33  Inout      TRISTATE                        None           No                                  Off              ---         ---            Off             Off          ---   ---           4                  5                 
J18     GPIO_18_BI    MSIO18NB2/SPI_1_SS5/GPIO_18_A                                    Fixed       LVCMOS33  Inout      TRISTATE                        None           No                                  Off              ---         ---            Off             Off          ---   ---           4                  5                 
J19                   MSIO20PB2/GB9/VCCC_SE0_CLKI/GPIO_25_A                            Special     
J20     GPIO_13_BI    MSIO17NB2/SPI_1_SS0/GPIO_13_A                                    Fixed       LVCMOS33  Inout      TRISTATE                        None           No                                  Off              ---         ---            Off             Off          ---   ---           4                  5                 
K1                    MSIOD109NB6                                                      Unassigned  
K2                    MSIOD105PB6                                                      Unassigned  
K3                    MSIOD105NB6                                                      Unassigned  
K4                    VDDI6                                                            Reserved    
K5                    MSIOD104PB6                                                      Unassigned  
K6                    MSIOD104NB6                                                      Unassigned  
K7                    MSIOD103PB6/CCC_SW0_CLKI0                                        Special     
K8                    VSS                                                              Reserved    
K9                    VDD                                                              Reserved    
K10                   VSS                                                              Reserved    
K11                   VDD                                                              Reserved    
K12                   VSS                                                              Reserved    
K13                   VDD                                                              Reserved    
K14                   VSS                                                              Reserved    
K15     GPIO_24_BI    MSIO19NB2/SPI_1_SS7/GPIO_24_A                                    Fixed       LVCMOS33  Inout      TRISTATE                        None           No                                  Off              ---         ---            Off             Off          ---   ---           4                  5                 
K16     GPIO_23_BI    MSIO19PB2/SPI_1_SS6/GPIO_23_A                                    Fixed       LVCMOS33  Inout      TRISTATE                        None           No                                  Off              ---         ---            Off             Off          ---   ---           4                  5                 
K17                   MSIO14NB2/SPI_0_SS5/GPIO_20_A                                    Unassigned  
K18                   MSIO14PB2/SPI_0_SS4/GPIO_19_A                                    Unassigned  
K19                   VSS                                                              Reserved    
K20     GPIO_12_BI    MSIO17PB2/SPI_1_SDO/GPIO_12_A                                    Fixed       LVCMOS33  Inout      TRISTATE                        None           No                                  Off              ---         ---            Off             Off          ---   ---           4                  5                 
L1                    MSIOD109PB6                                                      Unassigned  
L2                    VSS                                                              Reserved    
L3                    MSIOD112NB6                                                      Unassigned  
L4                    MSIOD108PB6                                                      Unassigned  
L5                    MSIOD108NB6                                                      Unassigned  
L6                    MSIOD107PB6                                                      Unassigned  
L7                    MSIOD107NB6                                                      Unassigned  
L8                    VDDI6                                                            Reserved    
L9                    VSS                                                              Reserved    
L10                   VDD                                                              Reserved    
L11                   VSS                                                              Reserved    
L12                   VDD                                                              Reserved    
L13                   VSS                                                              Reserved    
L14                   VPPNVM                                                           Reserved    
L15                   MSIO16PB2/SPI_1_CLK                                              Unassigned  
L16     GPIO_11_BI    MSIO16NB2/SPI_1_SDI/GPIO_11_A                                    Fixed       LVCMOS33  Inout      TRISTATE                        None           No                                  Off              ---         ---            Off             Off          ---   ---           4                  5                 
L17                   VDDI2                                                            Reserved    
L18                   SC_SPI_SDI                                                       Reserved    
L19     SPI_0_SS0     MSIO13NB2/SPI_0_SS0/GPIO_7_A/USB_NXT_A                           Fixed       LVCMOS33  Inout      TRISTATE                        None           No                                  Off              ---         ---            Off             Off          ---   ---           4                  5                 
L20     SPI_0_DO      MSIO13PB2/SPI_0_SDO/GPIO_6_A/USB_STP_A                           Fixed       LVCMOS33  Output     TRISTATE                        None           No                                  ---              ---         ---            ---             ---          ---   ---           4                  5                 
M1                    MSIOD113PB6                                                      Unassigned  
M2                    MSIOD113NB6                                                      Unassigned  
M3                    MSIOD112PB6                                                      Unassigned  
M4                    MSIOD115NB6                                                      Unassigned  
M5                    VSS                                                              Reserved    
M6                    MSIOD111NB6                                                      Unassigned  
M7                    MSIOD111PB6                                                      Unassigned  
M8                    VSS                                                              Reserved    
M9                    VDD                                                              Reserved    
M10                   VSS                                                              Reserved    
M11                   VDD                                                              Reserved    
M12                   VSS                                                              Reserved    
M13                   VDD                                                              Reserved    
M14                   VSSNVM                                                           Reserved    
M15                   MSIO15NB2/SPI_0_SS7/GPIO_22_A                                    Unassigned  
M16                   MSIO15PB2/SPI_0_SS6/GPIO_21_A                                    Unassigned  
M17     GPIO_1_BI     MSIO11NB2/CCC_NE1_CLKI0/I2C_1_SCL/GPIO_1_A/USB_DATA4_A           Special     LVCMOS33  Inout      TRISTATE                        None           No                                  Off              ---         ---            Off             Off          ---   ---           4                  5                 
M18                   SC_SPI_CLK                                                       Reserved    
M19     CAN_TX_EN_N   MSIO8NB2/CAN_TX_EN_N/GPIO_4_A/USB_DATA2_A                        Fixed       LVCMOS33  Output     TRISTATE                        None           No                                  ---              ---         ---            ---             ---          ---   ---           4                  5                 
M20                   VDDI2                                                            Reserved    
N1                    MSIOD116PB6                                                      Unassigned  
N2                    MSIOD116NB6                                                      Unassigned  
N3                    VDDI6                                                            Reserved    
N4                    MSIOD115PB6                                                      Unassigned  
N5                    CCC_SW0_SW1_PLL_VSSA                                             Reserved    
N6                    VDD                                                              Reserved    
N7                    VSS                                                              Reserved    
N8                    VDD                                                              Reserved    
N9                    VSS                                                              Reserved    
N10                   VDD                                                              Reserved    
N11                   VSS                                                              Reserved    
N12                   VDD                                                              Reserved    
N13                   VSS                                                              Reserved    
N14                   VDDI2                                                            Reserved    
N15     SPI_0_DI      MSIO12NB2/SPI_0_SDI/GPIO_5_A/USB_DIR_A                           Fixed       LVCMOS33  Input      TRISTATE                        None           No                                  Off              ---         ---            Off             Off          ---   ---           ---                ---               
N16                   MSIO11PB2/CCC_NE0_CLKI0/I2C_1_SDA/GPIO_0_A/USB_DATA3_A           Special     
N17                   SC_SPI_SDO                                                       Reserved    
N18                   VSS                                                              Reserved    
N19                   MSIO4NB2/USB_DATA3_B                                             Unassigned  
N20     CAN_RX        MSIO8PB2/CAN_RX/GPIO_3_A/USB_DATA1_A                             Fixed       LVCMOS33  Input      TRISTATE                        None           No                                  Off              ---         ---            Off             Off          ---   ---           ---                ---               
P1                    VSS                                                              Reserved    
P2                    MSIOD119PB5                                                      Unassigned  
P3                    MSIOD119NB5                                                      Unassigned  
P4                    VSS                                                              Reserved    
P5                    VPP                                                              Reserved    
P6                    CCC_SW0_SW1_PLL_VDDA                                             Reserved    
P7                    VDD                                                              Reserved    
P8                    VSS                                                              Reserved    
P9                    VDD                                                              Reserved    
P10                   VSS                                                              Reserved    
P11                   VDD                                                              Reserved    
P12                   VSS                                                              Reserved    
P13                   NC                                                               Reserved    
P14                   VPP                                                              Reserved    
P15     SPI_0_CLK     MSIO12PB2/SPI_0_CLK/USB_XCLK_A                                   Fixed       LVCMOS33  Inout      TRISTATE                        None           No                                  Off              ---         ---            Off             Off          ---   ---           4                  5                 
P16                   VDDI2                                                            Reserved    
P17                   SC_SPI_SS                                                        Reserved    
P18                   MSIO6PB2/USB_DATA6_B                                             Unassigned  
P19                   MSIO6NB2                                                         Unassigned  
P20                   MSIO4PB2/USB_DATA2_B                                             Unassigned  
R1                    MSIOD118PB5                                                      Unassigned  
R2                    MSIOD118NB5                                                      Unassigned  
R3                    VDDI5                                                            Reserved    
R4                    DNC                                                              Reserved    
R5                    DNC                                                              Reserved    
R6                    VSS                                                              Reserved    
R7                    VDD                                                              Reserved    
R8                    VDD                                                              Reserved    
R9                    VSS                                                              Reserved    
R10                   VDD                                                              Reserved    
R11                   NC                                                               Reserved    
R12     WE_N          MSIO134NB4                                                       Fixed       LVCMOS33  Output     TRISTATE                        None           No                                  ---              ---         ---            ---             ---          ---   ---           4                  5                 
R13     RAS_N         MSIO134PB4/VCCC_SE1_CLKI                                         Special     LVCMOS33  Output     TRISTATE                        None           No                                  ---              ---         ---            ---             ---          ---   ---           4                  5                 
R14                   VDDI3                                                            Reserved    
R15     CAN_TX        MSIO7NB2/CAN_TX/GPIO_2_A/USB_DATA0_A                             Fixed       LVCMOS33  Output     TRISTATE                        None           No                                  ---              ---         ---            ---             ---          ---   ---           4                  5                 
R16                   MSIO7PB2                                                         Unassigned  
R17                   MSIO5PB2/USB_DATA4_B                                             Unassigned  
R18                   MSIO5NB2/USB_DATA5_B                                             Unassigned  
R19                   VDDI2                                                            Reserved    
R20                   MSIO3NB2/USB_DATA1_B                                             Unassigned  
T1                    VSS                                                              Reserved    
T2                    VSS                                                              Reserved    
T3                    VSS                                                              Reserved    
T4                    VSS                                                              Reserved    
T5                    VSS                                                              Reserved    
T6                    VSS                                                              Reserved    
T7                    VSS                                                              Reserved    
T8                    VDD                                                              Reserved    
T9                    VSS                                                              Reserved    
T10                   VSS                                                              Reserved    
T11                   VPP                                                              Reserved    
T12                   VDDI4                                                            Reserved    
T13     CAS_N         MSIO133NB4                                                       Fixed       LVCMOS33  Output     TRISTATE                        None           No                                  ---              ---         ---            ---             ---          ---   ---           4                  5                 
T14     SDRCLK        MSIO144PB4                                                       Fixed       LVCMOS33  Output     TRISTATE                        None           No                                  ---              ---         ---            ---             ---          ---   ---           4                  5                 
T15     CKE           MSIO144NB4                                                       Fixed       LVCMOS33  Output     TRISTATE                        None           No                                  ---              ---         ---            ---             ---          ---   ---           4                  5                 
T16                   VSS                                                              Reserved    
T17                   VSS                                                              Reserved    
T18                   MSIO2PB2/USB_STP_B                                               Unassigned  
T19                   MSIO2NB2/USB_NXT_B                                               Unassigned  
T20                   MSIO3PB2/USB_DATA0_B                                             Unassigned  
U1                    VSS                                                              Reserved    
U2                    VSS                                                              Reserved    
U3                    VSS                                                              Reserved    
U4                    VSS                                                              Reserved    
U5                    VDD                                                              Reserved    
U6                    VSS                                                              Reserved    
U7                    VSS                                                              Reserved    
U8                    VSS                                                              Reserved    
U9                    VSS                                                              Reserved    
U10                   VSS                                                              Reserved    
U11     SA[7]         MSIO125NB4/GB7/CCC_SW1_CLKI2                                     Special     LVCMOS33  Output     TRISTATE                        None           No                                  ---              ---         ---            ---             ---          ---   ---           4                  5                 
U12     SA[12]        MSIO130NB4                                                       Fixed       LVCMOS33  Output     TRISTATE                        None           No                                  ---              ---         ---            ---             ---          ---   ---           4                  5                 
U13     SA[0]         MSIO133PB4/GB15/VCCC_SE1_CLKI                                    Special     LVCMOS33  Output     TRISTATE                        None           No                                  ---              ---         ---            ---             ---          ---   ---           4                  5                 
U14     CS_N[0]       MSIO142NB4                                                       Fixed       LVCMOS33  Output     TRISTATE                        None           No                                  ---              ---         ---            ---             ---          ---   ---           4                  5                 
U15                   VDDI4                                                            Reserved    
U16                   JTAGSEL                                                          Reserved    
U17     DEVRST_N      DEVRST_N                                                         Dedicated   
U18                   MSIO1PB2/USB_XCLK_B                                              Unassigned  
U19                   MSIO1NB2/USB_DIR_B                                               Unassigned  
U20                   VSS                                                              Reserved    
V1                    VSS                                                              Reserved    
V2                    VSS                                                              Reserved    
V3                    VSS                                                              Reserved    
V4                    VSS                                                              Reserved    
V5                    VSS                                                              Reserved    
V6                    VSS                                                              Reserved    
V7                    VSS                                                              Reserved    
V8                    VSS                                                              Reserved    
V9                    VSS                                                              Reserved    
V10                   VSS                                                              Reserved    
V11     BA[1]         MSIO125PB4/GB3/CCC_SW0_CLKI3                                     Special     LVCMOS33  Output     TRISTATE                        None           No                                  ---              ---         ---            ---             ---          ---   ---           4                  5                 
V12     SA[9]         MSIO130PB4/VCCC_SE0_CLKI                                         Special     LVCMOS33  Output     TRISTATE                        None           No                                  ---              ---         ---            ---             ---          ---   ---           4                  5                 
V13                   VSS                                                              Reserved    
V14     SA[3]         MSIO142PB4                                                       Fixed       LVCMOS33  Output     TRISTATE                        None           No                                  ---              ---         ---            ---             ---          ---   ---           4                  5                 
V15     SA[4]         MSIO146NB4                                                       Fixed       LVCMOS33  Output     TRISTATE                        None           No                                  ---              ---         ---            ---             ---          ---   ---           4                  5                 
V16                   JTAG_TDI/M3_TDI                                                  Reserved    
V17                   JTAG_TMS/M3_TMS/M3_SWDIO                                         Reserved    
V18                   VDDI2                                                            Reserved    
V19                   MSIO0NB2/USB_DATA7_B                                             Unassigned  
V20                   MSIO0PB2                                                         Unassigned  
W1                    VSS                                                              Reserved    
W2                    DNC                                                              Reserved    
W3                    VSS                                                              Reserved    
W4                    DNC                                                              Reserved    
W5                    VSS                                                              Reserved    
W6                    DNC                                                              Reserved    
W7                    VSS                                                              Reserved    
W8                    DNC                                                              Reserved    
W9                    VSS                                                              Reserved    
W10     SA[2]         MSIO120NB4/CCC_SW0_CLKI2                                         Special     LVCMOS33  Output     TRISTATE                        None           No                                  ---              ---         ---            ---             ---          ---   ---           4                  5                 
W11                   VDDI4                                                            Reserved    
W12                   User Reserved                                                    Unassigned  
W13     SA[10]        MSIO131PB4/GB11/VCCC_SE0_CLKI                                    Special     LVCMOS33  Output     TRISTATE                        None           No                                  ---              ---         ---            ---             ---          ---   ---           4                  5                 
W14     SA[8]         MSIO131NB4                                                       Fixed       LVCMOS33  Output     TRISTATE                        None           No                                  ---              ---         ---            ---             ---          ---   ---           4                  5                 
W15     SA[6]         MSIO146PB4                                                       Fixed       LVCMOS33  Output     TRISTATE                        None           No                                  ---              ---         ---            ---             ---          ---   ---           4                  5                 
W16                   VSS                                                              Reserved    
W17                   XTLOSC_AUX_XTAL                                                  Reserved    
W18                   XTLOSC_MAIN_EXTAL                                                Reserved    
W19                   JTAG_TCK/M3_TCK                                                  Reserved    
W20                   JTAG_TRSTB/M3_TRSTB                                              Reserved    
Y1                    VSS                                                              Reserved    
Y2                    DNC                                                              Reserved    
Y3                    VSS                                                              Reserved    
Y4                    DNC                                                              Reserved    
Y5                    VSS                                                              Reserved    
Y6                    DNC                                                              Reserved    
Y7                    VSS                                                              Reserved    
Y8                    DNC                                                              Reserved    
Y9                    VSS                                                              Reserved    
Y10     SA[5]         MSIO120PB4                                                       Fixed       LVCMOS33  Output     TRISTATE                        None           No                                  ---              ---         ---            ---             ---          ---   ---           4                  5                 
Y11                   User Reserved                                                    Unassigned  
Y12     SA[11]        MSIO129PB4/CCC_SW1_CLKI3                                         Special     LVCMOS33  Output     TRISTATE                        None           No                                  ---              ---         ---            ---             ---          ---   ---           4                  5                 
Y13     BA[0]         MSIO129NB4                                                       Fixed       LVCMOS33  Output     TRISTATE                        None           No                                  ---              ---         ---            ---             ---          ---   ---           4                  5                 
Y14                   VDDI4                                                            Reserved    
Y15     SA[1]         MSIO145PB4                                                       Fixed       LVCMOS33  Output     TRISTATE                        None           No                                  ---              ---         ---            ---             ---          ---   ---           4                  5                 
Y16                   MSIO145NB4                                                       Unassigned  
Y17                   XTLOSC_AUX_EXTAL                                                 Reserved    
Y18     XTL           XTLOSC_MAIN_XTAL                                                 Dedicated   
Y19                   VSS                                                              Reserved    
Y20                   JTAG_TDO/M3_TDO/M3_SWO                                           Reserved    
